Component: ARM Compiler 5.05 update 1 (build 106) Tool: armlink [4d0efa]

==============================================================================

Section Cross References

    startup_stm32f407xx.o(RESET) refers to startup_stm32f407xx.o(STACK) for __initial_sp
    startup_stm32f407xx.o(RESET) refers to startup_stm32f407xx.o(.text) for Reset_Handler
    startup_stm32f407xx.o(RESET) refers to stm32f4xx_mc_it.o(i.HardFault_Handler) for HardFault_Handler
    startup_stm32f407xx.o(RESET) refers to stm32f4xx_mc_it.o(i.SysTick_Handler) for SysTick_Handler
    startup_stm32f407xx.o(RESET) refers to stm32f4xx_mc_it.o(i.ADC_IRQHandler) for ADC_IRQHandler
    startup_stm32f407xx.o(RESET) refers to stm32f4xx_mc_it.o(i.TIM1_BRK_TIM9_IRQHandler) for TIM1_BRK_TIM9_IRQHandler
    startup_stm32f407xx.o(RESET) refers to stm32f4xx_mc_it.o(i.TIM1_UP_TIM10_IRQHandler) for TIM1_UP_TIM10_IRQHandler
    startup_stm32f407xx.o(RESET) refers to stm32f4xx_mc_it.o(i.TIM3_IRQHandler) for TIM3_IRQHandler
    startup_stm32f407xx.o(RESET) refers to stm32f4xx_mc_it.o(i.USART1_IRQHandler) for USART1_IRQHandler
    startup_stm32f407xx.o(.text) refers to system_stm32f4xx.o(i.SystemInit) for SystemInit
    startup_stm32f407xx.o(.text) refers to entry.o(.ARM.Collect$$$$00000000) for __main
    main.o(i.SystemClock_Config) refers to stm32f4xx_hal_rcc.o(i.HAL_RCC_OscConfig) for HAL_RCC_OscConfig
    main.o(i.SystemClock_Config) refers to stm32f4xx_hal_rcc.o(i.HAL_RCC_ClockConfig) for HAL_RCC_ClockConfig
    main.o(i.SystemClock_Config) refers to stm32f4xx_hal_rcc.o(i.HAL_RCC_EnableCSS) for HAL_RCC_EnableCSS
    main.o(i.main) refers to stm32f4xx_hal.o(i.HAL_Init) for HAL_Init
    main.o(i.main) refers to main.o(i.SystemClock_Config) for SystemClock_Config
    main.o(i.main) refers to stm32f4xx_hal_adc.o(i.HAL_ADC_Init) for HAL_ADC_Init
    main.o(i.main) refers to stm32f4xx_hal_adc_ex.o(i.HAL_ADCEx_InjectedConfigChannel) for HAL_ADCEx_InjectedConfigChannel
    main.o(i.main) refers to stm32f4xx_hal_adc.o(i.HAL_ADC_ConfigChannel) for HAL_ADC_ConfigChannel
    main.o(i.main) refers to stm32f4xx_hal_dac.o(i.HAL_DAC_Init) for HAL_DAC_Init
    main.o(i.main) refers to stm32f4xx_hal_dac.o(i.HAL_DAC_ConfigChannel) for HAL_DAC_ConfigChannel
    main.o(i.main) refers to stm32f4xx_hal_tim.o(i.HAL_TIM_Base_Init) for HAL_TIM_Base_Init
    main.o(i.main) refers to stm32f4xx_hal_tim.o(i.HAL_TIM_PWM_Init) for HAL_TIM_PWM_Init
    main.o(i.main) refers to stm32f4xx_hal_tim.o(i.HAL_TIM_SlaveConfigSynchro) for HAL_TIM_SlaveConfigSynchro
    main.o(i.main) refers to stm32f4xx_hal_tim_ex.o(i.HAL_TIMEx_MasterConfigSynchronization) for HAL_TIMEx_MasterConfigSynchronization
    main.o(i.main) refers to stm32f4xx_hal_tim.o(i.HAL_TIM_PWM_ConfigChannel) for HAL_TIM_PWM_ConfigChannel
    main.o(i.main) refers to stm32f4xx_hal_tim_ex.o(i.HAL_TIMEx_ConfigBreakDeadTime) for HAL_TIMEx_ConfigBreakDeadTime
    main.o(i.main) refers to stm32f4xx_hal_msp.o(i.HAL_TIM_MspPostInit) for HAL_TIM_MspPostInit
    main.o(i.main) refers to stm32f4xx_hal_tim.o(i.HAL_TIM_ConfigClockSource) for HAL_TIM_ConfigClockSource
    main.o(i.main) refers to stm32f4xx_hal_tim_ex.o(i.HAL_TIMEx_HallSensor_Init) for HAL_TIMEx_HallSensor_Init
    main.o(i.main) refers to stm32f4xx_hal_uart.o(i.HAL_UART_Init) for HAL_UART_Init
    main.o(i.main) refers to motorcontrol.o(i.MX_MotorControl_Init) for MX_MotorControl_Init
    main.o(i.main) refers to stm32f4xx_hal_cortex.o(i.HAL_NVIC_SetPriority) for HAL_NVIC_SetPriority
    main.o(i.main) refers to stm32f4xx_hal_cortex.o(i.HAL_NVIC_EnableIRQ) for HAL_NVIC_EnableIRQ
    main.o(i.main) refers to main.o(.bss) for .bss
    motorcontrol.o(i.MX_MotorControl_Init) refers to stm32f4xx_hal_rcc.o(i.HAL_RCC_GetHCLKFreq) for HAL_RCC_GetHCLKFreq
    motorcontrol.o(i.MX_MotorControl_Init) refers to stm32f4xx_hal_cortex.o(i.HAL_SYSTICK_Config) for HAL_SYSTICK_Config
    motorcontrol.o(i.MX_MotorControl_Init) refers to mc_tasks.o(i.MCboot) for MCboot
    motorcontrol.o(i.MX_MotorControl_Init) refers to mc_tasks.o(i.mc_lock_pins) for mc_lock_pins
    motorcontrol.o(i.MX_MotorControl_Init) refers to ui_task.o(i.UI_TaskInit) for UI_TaskInit
    motorcontrol.o(i.MX_MotorControl_Init) refers to motorcontrol.o(.data) for .data
    motorcontrol.o(i.MX_MotorControl_Init) refers to motorcontrol.o(.constdata) for .constdata
    mc_api.o(i.MC_AcknowledgeFaultMotor1) refers to mc_interface.o(i.MCI_FaultAcknowledged) for MCI_FaultAcknowledged
    mc_api.o(i.MC_AcknowledgeFaultMotor1) refers to motorcontrol.o(.data) for pMCI
    mc_api.o(i.MC_Clear_IqdrefMotor1) refers to mc_interface.o(i.MCI_Clear_Iqdref) for MCI_Clear_Iqdref
    mc_api.o(i.MC_Clear_IqdrefMotor1) refers to motorcontrol.o(.data) for pMCI
    mc_api.o(i.MC_GetCommandStateMotor1) refers to mc_interface.o(i.MCI_IsCommandAcknowledged) for MCI_IsCommandAcknowledged
    mc_api.o(i.MC_GetCommandStateMotor1) refers to motorcontrol.o(.data) for pMCI
[...]
    i.STC_GetMinAppNegativeMecSpeedUnit      0x08004524   Section        0  speed_torq_ctrl.o(i.STC_GetMinAppNegativeMecSpeedUnit)
    i.STC_GetSpeedSensor                     0x0800452a   Section        0  speed_torq_ctrl.o(i.STC_GetSpeedSensor)
    i.STC_GetTorqueRef                       0x0800452e   Section        0  speed_torq_ctrl.o(i.STC_GetTorqueRef)
    i.STC_Init                               0x0800453a   Section        0  speed_torq_ctrl.o(i.STC_Init)
    i.STC_SetControlMode                     0x0800455a   Section        0  speed_torq_ctrl.o(i.STC_SetControlMode)
    i.STC_StopRamp                           0x08004562   Section        0  speed_torq_ctrl.o(i.STC_StopRamp)
    i.STM_FaultAcknowledged                  0x0800456a   Section        0  state_machine.o(i.STM_FaultAcknowledged)
    i.STM_FaultProcessing                    0x08004580   Section        0  state_machine.o(i.STM_FaultProcessing)
    i.STM_GetFaultState                      0x080045b6   Section        0  state_machine.o(i.STM_GetFaultState)
    i.STM_GetState                           0x080045c0   Section        0  state_machine.o(i.STM_GetState)
    i.STM_Init                               0x080045c4   Section        0  state_machine.o(i.STM_Init)
    i.STM_NextState                          0x080045ce   Section        0  state_machine.o(i.STM_NextState)
    i.SysTick_Handler                        0x080046cc   Section        0  stm32f4xx_mc_it.o(i.SysTick_Handler)
    i.SystemClock_Config                     0x080046f4   Section        0  main.o(i.SystemClock_Config)
    i.SystemInit                             0x0800477c   Section        0  system_stm32f4xx.o(i.SystemInit)
    i.TIM1_BRK_TIM9_IRQHandler               0x08004798   Section        0  stm32f4xx_mc_it.o(i.TIM1_BRK_TIM9_IRQHandler)
    i.TIM1_UP_TIM10_IRQHandler               0x080047c0   Section        0  stm32f4xx_mc_it.o(i.TIM1_UP_TIM10_IRQHandler)
    i.TIM3_IRQHandler                        0x080047d8   Section        0  stm32f4xx_mc_it.o(i.TIM3_IRQHandler)
    i.TIM_Base_SetConfig                     0x08004814   Section        0  stm32f4xx_hal_tim.o(i.TIM_Base_SetConfig)
    i.TIM_OC2_SetConfig                      0x080048dc   Section        0  stm32f4xx_hal_tim.o(i.TIM_OC2_SetConfig)
    i.TIM_SlaveTimer_SetConfig               0x0800494c   Section        0  stm32f4xx_hal_tim.o(i.TIM_SlaveTimer_SetConfig)
    TIM_SlaveTimer_SetConfig                 0x0800494d   Thumb Code   222  stm32f4xx_hal_tim.o(i.TIM_SlaveTimer_SetConfig)
    i.TIM_TI1_SetConfig                      0x08004a2a   Section        0  stm32f4xx_hal_tim.o(i.TIM_TI1_SetConfig)
    i.TSK_ChargeBootCapDelayHasElapsedM1     0x08004ab8   Section        0  mc_tasks.o(i.TSK_ChargeBootCapDelayHasElapsedM1)
    i.TSK_HardwareFaultTask                  0x08004acc   Section        0  mc_tasks.o(i.TSK_HardwareFaultTask)
    i.TSK_HighFrequencyTask                  0x08004aec   Section        0  mc_tasks.o(i.TSK_HighFrequencyTask)
    i.TSK_MediumFrequencyTaskM1              0x08004bb8   Section        0  mc_tasks.o(i.TSK_MediumFrequencyTaskM1)
    i.TSK_SafetyTask                         0x08004d18   Section        0  mc_tasks.o(i.TSK_SafetyTask)
    i.TSK_SafetyTask_PWMOFF                  0x08004d38   Section        0  mc_tasks.o(i.TSK_SafetyTask_PWMOFF)
    i.TSK_SetChargeBootCapDelayM1            0x08004dbc   Section        0  mc_tasks.o(i.TSK_SetChargeBootCapDelayM1)
    i.TSK_SetStopPermanencyTimeM1            0x08004dc8   Section        0  mc_tasks.o(i.TSK_SetStopPermanencyTimeM1)
    i.TSK_StopPermanencyTimeHasElapsedM1     0x08004dd4   Section        0  mc_tasks.o(i.TSK_StopPermanencyTimeHasElapsedM1)
    i.UART_SetConfig                         0x08004de8   Section        0  stm32f4xx_hal_uart.o(i.UART_SetConfig)
    UART_SetConfig                           0x08004de9   Thumb Code   390  stm32f4xx_hal_uart.o(i.UART_SetConfig)
    i.UFCP_AbortReceive                      0x08004f7c   Section        0  usart_frame_communication_protocol.o(i.UFCP_AbortReceive)
    i.UFCP_Init                              0x08004f84   Section        0  usart_frame_communication_protocol.o(i.UFCP_Init)
    i.UFCP_OVR_IRQ_Handler                   0x08004f88   Section        0  usart_frame_communication_protocol.o(i.UFCP_OVR_IRQ_Handler)
    i.UFCP_RX_IRQ_Handler                    0x08004f9c   Section        0  usart_frame_communication_protocol.o(i.UFCP_RX_IRQ_Handler)
    i.UFCP_Receive                           0x0800505c   Section        0  usart_frame_communication_protocol.o(i.UFCP_Receive)
    i.UFCP_Send                              0x08005084   Section        0  usart_frame_communication_protocol.o(i.UFCP_Send)
    i.UFCP_TX_IRQ_Handler                    0x080050da   Section        0  usart_frame_communication_protocol.o(i.UFCP_TX_IRQ_Handler)
    i.UI_DACExec                             0x0800513e   Section        0  user_interface.o(i.UI_DACExec)
    i.UI_DACInit                             0x08005148   Section        0  user_interface.o(i.UI_DACInit)
    i.UI_DACUpdate                           0x08005154   Section        0  ui_task.o(i.UI_DACUpdate)
    i.UI_ExecCmd                             0x08005174   Section        0  user_interface.o(i.UI_ExecCmd)
    i.UI_ExecSpeedRamp                       0x080051e4   Section        0  user_interface.o(i.UI_ExecSpeedRamp)
    i.UI_ExecTorqueRamp                      0x08005214   Section        0  user_interface.o(i.UI_ExecTorqueRamp)
    i.UI_GetDAC                              0x08005228   Section        0  user_interface.o(i.UI_GetDAC)
    i.UI_GetMPInfo                           0x08005238   Section        0  user_interface.o(i.UI_GetMPInfo)
    i.UI_GetReg                              0x0800523c   Section        0  user_interface.o(i.UI_GetReg)
    i.UI_GetRevupData                        0x080055a8   Section        0  user_interface.o(i.UI_GetRevupData)
    i.UI_GetSelectedMC                       0x080055f2   Section        0  user_interface.o(i.UI_GetSelectedMC)
    i.UI_Init                                0x080055f8   Section        0  user_interface.o(i.UI_Init)
    i.UI_Scheduler                           0x08005610   Section        0  ui_task.o(i.UI_Scheduler)
    i.UI_SelectMC                            0x0800563c   Section        0  user_interface.o(i.UI_SelectMC)
    i.UI_SerialCommunicationTimeOutStart     0x08005650   Section        0  ui_task.o(i.UI_SerialCommunicationTimeOutStart)
    i.UI_SerialCommunicationTimeOutStop      0x0800565c   Section        0  ui_task.o(i.UI_SerialCommunicationTimeOutStop)
    i.UI_SetCurrentReferences                0x08005668   Section        0  user_interface.o(i.UI_SetCurrentReferences)
    i.UI_SetDAC                              0x08005682   Section        0  user_interface.o(i.UI_SetDAC)
    i.UI_SetReg                              0x0800568c   Section        0  user_interface.o(i.UI_SetReg)
    i.UI_SetRevupData                        0x080057d8   Section        0  user_interface.o(i.UI_SetRevupData)
    i.UI_TaskInit                            0x08005810   Section        0  ui_task.o(i.UI_TaskInit)
    i.USART1_IRQHandler                      0x080058c0   Section        0  stm32f4xx_mc_it.o(i.USART1_IRQHandler)
    i.VBS_GetAvBusVoltage_V                  0x0800592c   Section        0  bus_voltage_sensor.o(i.VBS_GetAvBusVoltage_V)
    i.VVBS_Init                              0x08005936   Section        0  virtual_bus_voltage_sensor.o(i.VVBS_Init)
    i.__scatterload_copy                     0x08005942   Section       14  handlers.o(i.__scatterload_copy)
    i.__scatterload_null                     0x08005950   Section        2  handlers.o(i.__scatterload_null)
    i.__scatterload_zeroinit                 0x08005952   Section       14  handlers.o(i.__scatterload_zeroinit)
    i.main                                   0x08005960   Section        0  main.o(i.main)
    i.mc_lock_pins                           0x08005cd8   Section        0  mc_tasks.o(i.mc_lock_pins)
    i.startTimers                            0x08005db8   Section        0  pwm_common.o(i.startTimers)
    i.waitForPolarizationEnd                 0x08005e18   Section        0  pwm_common.o(i.waitForPolarizationEnd)
    .constdata                               0x08005e7e   Section       32  motorcontrol.o(.constdata)
    .constdata                               0x08005ea0   Section        2  mc_tasks.o(.constdata)
    .constdata                               0x08005ea2   Section      512  mc_math.o(.constdata)
    .constdata                               0x080060a4   Section      148  mc_parameters.o(.constdata)
    .constdata                               0x08006138   Section       16  system_stm32f4xx.o(.constdata)
    .constdata                               0x08006148   Section        8  system_stm32f4xx.o(.constdata)
    .constdata                               0x08006150   Section       14  hall_speed_pos_fdbk.o(.constdata)
    OFFSET_TAB_CCMRx                         0x08006150   Data           7  hall_speed_pos_fdbk.o(.constdata)
    SHIFT_TAB_ICxx                           0x08006157   Data           7  hall_speed_pos_fdbk.o(.constdata)
    .constdata                               0x0800615e   Section       14  r3_2_f4xx_pwm_curr_fdbk.o(.constdata)
    OFFSET_TAB_CCMRx                         0x0800615e   Data           7  r3_2_f4xx_pwm_curr_fdbk.o(.constdata)
    SHIFT_TAB_OCxx                           0x08006165   Data           7  r3_2_f4xx_pwm_curr_fdbk.o(.constdata)
    .constdata                               0x0800616c   Section        6  usart_frame_communication_protocol.o(.constdata)
    UFCP_Usart_Timeout_none                  0x0800616c   Data           2  usart_frame_communication_protocol.o(.constdata)
    UFCP_Usart_Timeout_start                 0x0800616e   Data           2  usart_frame_communication_protocol.o(.constdata)
    UFCP_Usart_Timeout_stop                  0x08006170   Data           2  usart_frame_communication_protocol.o(.constdata)
    .data                                    0x20000000   Section       12  motorcontrol.o(.data)
    .data                                    0x2000000c   Section        8  motor_control_protocol.o(.data)
    .data                                    0x20000014   Section      276  mc_config.o(.data)
    .data                                    0x20000128   Section       44  mc_config.o(.data)
    .data                                    0x20000154   Section       44  mc_config.o(.data)
    .data                                    0x20000180   Section       44  mc_config.o(.data)
    .data                                    0x200001ac   Section       52  mc_config.o(.data)
    .data                                    0x200001e0   Section      124  mc_config.o(.data)
    .data                                    0x2000025c   Section      200  mc_config.o(.data)
    .data                                    0x20000324   Section       40  mc_config.o(.data)
    .data                                    0x2000034c   Section       12  mc_config.o(.data)
    .data                                    0x20000358   Section       48  mc_config.o(.data)
    .data                                    0x20000388   Section       60  mc_config.o(.data)
    .data                                    0x200003c4   Section       24  mc_config.o(.data)
    .data                                    0x200003dc   Section      180  mc_config.o(.data)
    .data                                    0x20000490   Section      316  mc_config.o(.data)
    .data                                    0x200005cc   Section       58  mc_tasks.o(.data)
    hMFTaskCounterM1                         0x200005ce   Data           2  mc_tasks.o(.data)
    hBootCapDelayCounterM1                   0x200005d0   Data           2  mc_tasks.o(.data)
    hStopPermanencyCounterM1                 0x200005d2   Data           2  mc_tasks.o(.data)
    .data                                    0x20000606   Section        4  regular_conversion_manager.o(.data)
    .data                                    0x2000060a   Section        1  stm32f4xx_mc_it.o(.data)
    SystickDividerCounter                    0x2000060a   Data           1  stm32f4xx_mc_it.o(.data)
    .data                                    0x2000060c   Section       16  ui_task.o(.data)
    bCOMATRTimeCounter                       0x2000060c   Data           2  ui_task.o(.data)
    bUITaskCounter                           0x2000060e   Data           2  ui_task.o(.data)
    bCOMTimeoutCounter                       0x20000610   Data           2  ui_task.o(.data)
    .data                                    0x2000061c   Section       12  stm32f4xx_hal.o(.data)
    .data                                    0x20000628   Section        4  system_stm32f4xx.o(.data)
    .bss                                     0x2000062c   Section      356  main.o(.bss)
    .bss                                     0x20000790   Section      152  mc_tasks.o(.bss)
    .bss                                     0x20000828   Section       48  regular_conversion_manager.o(.bss)
    .bss                                     0x20000858   Section      204  ui_task.o(.bss)
    STACK                                    0x20000928   Section     1024  startup_stm32f407xx.o(STACK)

    Global Symbols

    Symbol Name                              Value     Ov Type        Size  Object(Section)

    BuildAttributes$$THM_ISAv4$E$P$D$K$B$S$7EM$VFPi3$EXTD16$VFPS$VFMA$PE$A:L22UL41UL21$X:L11$S22US41US21$IEEE1$IW$USESV6$~STKCKD$USESV7$~SHL$OTIME$EBA8$MICROLIB$REQ8$PRES8$EABIv2 0x00000000   Number         0  anon$$obj.o ABSOLUTE
    __ARM_use_no_argv                        0x00000000   Number         0  main.o ABSOLUTE
    __cpp_initialize__aeabi_                  - Undefined Weak Reference
    __cxa_finalize                            - Undefined Weak Reference
    _clock_init                               - Undefined Weak Reference
    _microlib_exit                            - Undefined Weak Reference
    __Vectors_Size                           0x00000188   Number         0  startup_stm32f407xx.o ABSOLUTE
    __Vectors                                0x08000000   Data           4  startup_stm32f407xx.o(RESET)
    __Vectors_End                            0x08000188   Data           0  startup_stm32f407xx.o(RESET)
    __main                                   0x08000189   Thumb Code     0  entry.o(.ARM.Collect$$$$00000000)
    _main_stk                                0x08000189   Thumb Code     0  entry2.o(.ARM.Collect$$$$00000001)
    _main_scatterload                        0x0800018d   Thumb Code     0  entry5.o(.ARM.Collect$$$$00000004)
    __main_after_scatterload                 0x08000191   Thumb Code     0  entry5.o(.ARM.Collect$$$$00000004)
    _main_clock                              0x08000191   Thumb Code     0  entry7b.o(.ARM.Collect$$$$00000008)
    _main_cpp_init                           0x08000191   Thumb Code     0  entry8b.o(.ARM.Collect$$$$0000000A)
    _main_init                               0x08000191   Thumb Code     0  entry9a.o(.ARM.Collect$$$$0000000B)
    __rt_final_cpp                           0x08000199   Thumb Code     0  entry10a.o(.ARM.Collect$$$$0000000D)
    __rt_final_exit                          0x08000199   Thumb Code     0  entry11a.o(.ARM.Collect$$$$0000000F)
    Reset_Handler                            0x0800019d   Thumb Code     8  startup_stm32f407xx.o(.text)
    NMI_Handler                              0x080001a5   Thumb Code     2  startup_stm32f407xx.o(.text)
    MemManage_Handler                        0x080001a9   Thumb Code     2  startup_stm32f407xx.o(.text)
    BusFault_Handler                         0x080001ab   Thumb Code     2  startup_stm32f407xx.o(.text)
    UsageFault_Handler                       0x080001ad   Thumb Code     2  startup_stm32f407xx.o(.text)
    SVC_Handler                              0x080001af   Thumb Code     2  startup_stm32f407xx.o(.text)
    DebugMon_Handler                         0x080001b1   Thumb Code     2  startup_stm32f407xx.o(.text)
    PendSV_Handler                           0x080001b3   Thumb Code     2  startup_stm32f407xx.o(.text)
    CAN1_RX0_IRQHandler                      0x080001b7   Thumb Code     0  startup_stm32f407xx.o(.text)
    CAN1_RX1_IRQHandler                      0x080001b7   Thumb Code     0  startup_stm32f407xx.o(.text)
    CAN1_SCE_IRQHandler                      0x080001b7   Thumb Code     0  startup_stm32f407xx.o(.text)
    CAN1_TX_IRQHandler                       0x080001b7   Thumb Code     0  startup_stm32f407xx.o(.text)
    CAN2_RX0_IRQHandler                      0x080001b7   Thumb Code     0  startup_stm32f407xx.o(.text)
    CAN2_RX1_IRQHandler                      0x080001b7   Thumb Code     0  startup_stm32f407xx.o(.text)
    CAN2_SCE_IRQHandler                      0x080001b7   Thumb Code     0  startup_stm32f407xx.o(.text)
    CAN2_TX_IRQHandler                       0x080001b7   Thumb Code     0  startup_stm32f407xx.o(.text)
    DCMI_IRQHandler                          0x080001b7   Thumb Code     0  startup_stm32f407xx.o(.text)
    DMA1_Stream0_IRQHandler                  0x080001b7   Thumb Code     0  startup_stm32f407xx.o(.text)
    DMA1_Stream1_IRQHandler                  0x080001b7   Thumb Code     0  startup_stm32f407xx.o(.text)
    DMA1_Stream2_IRQHandler                  0x080001b7   Thumb Code     0  startup_stm32f407xx.o(.text)
    DMA1_Stream3_IRQHandler                  0x080001b7   Thumb Code     0  startup_stm32f407xx.o(.text)
    DMA1_Stream4_IRQHandler                  0x080001b7   Thumb Code     0  startup_stm32f407xx.o(.text)
    DMA1_Stream5_IRQHandler                  0x080001b7   Thumb Code     0  startup_stm32f407xx.o(.text)
    DMA1_Stream6_IRQHandler                  0x080001b7   Thumb Code     0  startup_stm32f407xx.o(.text)
    DMA1_Stream7_IRQHandler                  0x080001b7   Thumb Code     0  startup_stm32f407xx.o(.text)
    DMA2_Stream0_IRQHandler                  0x080001b7   Thumb Code     0  startup_stm32f407xx.o(.text)
    DMA2_Stream1_IRQHandler                  0x080001b7   Thumb Code     0  startup_stm32f407xx.o(.text)
    DMA2_Stream2_IRQHandler                  0x080001b7   Thumb Code     0  startup_stm32f407xx.o(.text)
    DMA2_Stream3_IRQHandler                  0x080001b7   Thumb Code     0  startup_stm32f407xx.o(.text)
    DMA2_Stream4_IRQHandler                  0x080001b7   Thumb Code     0  startup_stm32f407xx.o(.text)
    DMA2_Stream5_IRQHandler                  0x080001b7   Thumb Code     0  startup_stm32f407xx.o(.text)
    DMA2_Stream6_IRQHandler                  0x080001b7   Thumb Code     0  startup_stm32f407xx.o(.text)
    DMA2_Stream7_IRQHandler                  0x080001b7   Thumb Code     0  startup_stm32f407xx.o(.text)
    ETH_IRQHandler                           0x080001b7   Thumb Code     0  startup_stm32f407xx.o(.text)
    ETH_WKUP_IRQHandler                      0x080001b7   Thumb Code     0  startup_stm32f407xx.o(.text)
    EXTI0_IRQHandler                         0x080001b7   Thumb Code     0  startup_stm32f407xx.o(.text)
    EXTI15_10_IRQHandler                     0x080001b7   Thumb Code     0  startup_stm32f407xx.o(.text)
    EXTI1_IRQHandler                         0x080001b7   Thumb Code     0  startup_stm32f407xx.o(.text)
    EXTI2_IRQHandler                         0x080001b7   Thumb Code     0  startup_stm32f407xx.o(.text)
    EXTI3_IRQHandler                         0x080001b7   Thumb Code     0  startup_stm32f407xx.o(.text)
    EXTI4_IRQHandler                         0x080001b7   Thumb Code     0  startup_stm32f407xx.o(.text)
    EXTI9_5_IRQHandler                       0x080001b7   Thumb Code     0  startup_stm32f407xx.o(.text)
    FLASH_IRQHandler                         0x080001b7   Thumb Code     0  startup_stm32f407xx.o(.text)
    FMC_IRQHandler                           0x080001b7   Thumb Code     0  startup_stm32f407xx.o(.text)
    FPU_IRQHandler                           0x080001b7   Thumb Code     0  startup_stm32f407xx.o(.text)
    HASH_RNG_IRQHandler                      0x080001b7   Thumb Code     0  startup_stm32f407xx.o(.text)
    I2C1_ER_IRQHandler                       0x080001b7   Thumb Code     0  startup_stm32f407xx.o(.text)
    I2C1_EV_IRQHandler                       0x080001b7   Thumb Code     0  startup_stm32f407xx.o(.text)
    I2C2_ER_IRQHandler                       0x080001b7   Thumb Code     0  startup_stm32f407xx.o(.text)
    I2C2_EV_IRQHandler                       0x080001b7   Thumb Code     0  startup_stm32f407xx.o(.text)
    I2C3_ER_IRQHandler                       0x080001b7   Thumb Code     0  startup_stm32f407xx.o(.text)
    I2C3_EV_IRQHandler                       0x080001b7   Thumb Code     0  startup_stm32f407xx.o(.text)
    OTG_FS_IRQHandler                        0x080001b7   Thumb Code     0  startup_stm32f407xx.o(.text)
    OTG_FS_WKUP_IRQHandler                   0x080001b7   Thumb Code     0  startup_stm32f407xx.o(.text)
    OTG_HS_EP1_IN_IRQHandler                 0x080001b7   Thumb Code     0  startup_stm32f407xx.o(.text)
    OTG_HS_EP1_OUT_IRQHandler                0x080001b7   Thumb Code     0  startup_stm32f407xx.o(.text)
    OTG_HS_IRQHandler                        0x080001b7   Thumb Code     0  startup_stm32f407xx.o(.text)
    OTG_HS_WKUP_IRQHandler                   0x080001b7   Thumb Code     0  startup_stm32f407xx.o(.text)
    PVD_IRQHandler                           0x080001b7   Thumb Code     0  startup_stm32f407xx.o(.text)
    RCC_IRQHandler                           0x080001b7   Thumb Code     0  startup_stm32f407xx.o(.text)
    RTC_Alarm_IRQHandler                     0x080001b7   Thumb Code     0  startup_stm32f407xx.o(.text)
    RTC_WKUP_IRQHandler                      0x080001b7   Thumb Code     0  startup_stm32f407xx.o(.text)
    SDIO_IRQHandler                          0x080001b7   Thumb Code     0  startup_stm32f407xx.o(.text)
    SPI1_IRQHandler                          0x080001b7   Thumb Code     0  startup_stm32f407xx.o(.text)
    SPI2_IRQHandler                          0x080001b7   Thumb Code     0  startup_stm32f407xx.o(.text)
    SPI3_IRQHandler                          0x080001b7   Thumb Code     0  startup_stm32f407xx.o(.text)
    TAMP_STAMP_IRQHandler                    0x080001b7   Thumb Code     0  startup_stm32f407xx.o(.text)
    TIM1_CC_IRQHandler                       0x080001b7   Thumb Code     0  startup_stm32f407xx.o(.text)
    TIM1_TRG_COM_TIM11_IRQHandler            0x080001b7   Thumb Code     0  startup_stm32f407xx.o(.text)
    TIM2_IRQHandler                          0x080001b7   Thumb Code     0  startup_stm32f407xx.o(.text)
    TIM4_IRQHandler                          0x080001b7   Thumb Code     0  startup_stm32f407xx.o(.text)
    TIM5_IRQHandler                          0x080001b7   Thumb Code     0  startup_stm32f407xx.o(.text)
    TIM6_DAC_IRQHandler                      0x080001b7   Thumb Code     0  startup_stm32f407xx.o(.text)
    TIM7_IRQHandler                          0x080001b7   Thumb Code     0  startup_stm32f407xx.o(.text)
    TIM8_BRK_TIM12_IRQHandler                0x080001b7   Thumb Code     0  startup_stm32f407xx.o(.text)
    TIM8_CC_IRQHandler                       0x080001b7   Thumb Code     0  startup_stm32f407xx.o(.text)
    TIM8_TRG_COM_TIM14_IRQHandler            0x080001b7   Thumb Code     0  startup_stm32f407xx.o(.text)
    TIM8_UP_TIM13_IRQHandler                 0x080001b7   Thumb Code     0  startup_stm32f407xx.o(.text)
    UART4_IRQHandler                         0x080001b7   Thumb Code     0  startup_stm32f407xx.o(.text)
    UART5_IRQHandler                         0x080001b7   Thumb Code     0  startup_stm32f407xx.o(.text)
    USART2_IRQHandler                        0x080001b7   Thumb Code     0  startup_stm32f407xx.o(.text)
    USART3_IRQHandler                        0x080001b7   Thumb Code     0  startup_stm32f407xx.o(.text)
    USART6_IRQHandler                        0x080001b7   Thumb Code     0  startup_stm32f407xx.o(.text)
    WWDG_IRQHandler                          0x080001b7   Thumb Code     0  startup_stm32f407xx.o(.text)
    __aeabi_uldivmod                         0x080001c1   Thumb Code    98  uldiv.o(.text)
    __aeabi_llsl                             0x08000223   Thumb Code    30  llshl.o(.text)
    _ll_shift_l                              0x08000223   Thumb Code     0  llshl.o(.text)
    __aeabi_llsr                             0x08000241   Thumb Code    32  llushr.o(.text)
    _ll_ushift_r                             0x08000241   Thumb Code     0  llushr.o(.text)
    __scatterload                            0x08000261   Thumb Code    28  init.o(.text)
    __scatterload_rt2                        0x08000261   Thumb Code     0  init.o(.text)
    __decompress                             0x08000285   Thumb Code     0  __dczerorl2.o(.text)
    __decompress1                            0x08000285   Thumb Code    86  __dczerorl2.o(.text)
    ADC_IRQHandler                           0x080002dd   Thumb Code    56  stm32f4xx_mc_it.o(i.ADC_IRQHandler)
    Circle_Limitation                        0x08000319   Thumb Code    86  circle_limitation.o(i.Circle_Limitation)
    DAC_Exec                                 0x08000371   Thumb Code   116  dac_ui.o(i.DAC_Exec)
    DAC_GetChannelConfig                     0x080003e9   Thumb Code     8  dac_common_ui.o(i.DAC_GetChannelConfig)
    DAC_GetUserChannelValue                  0x080003f1   Thumb Code    10  dac_common_ui.o(i.DAC_GetUserChannelValue)
    DAC_Init                                 0x080003fd   Thumb Code    20  dac_ui.o(i.DAC_Init)
    DAC_SetChannelConfig                     0x08000415   Thumb Code     8  dac_common_ui.o(i.DAC_SetChannelConfig)
    DAC_SetUserChannelValue                  0x0800041d   Thumb Code     8  dac_common_ui.o(i.DAC_SetUserChannelValue)
    FCP_CalcCRC                              0x08000425   Thumb Code    46  frame_communication_protocol.o(i.FCP_CalcCRC)
    FCP_Init                                 0x08000453   Thumb Code    42  frame_communication_protocol.o(i.FCP_Init)
    FCP_SetClient                            0x0800047d   Thumb Code    14  frame_communication_protocol.o(i.FCP_SetClient)
    FOC_CalcCurrRef                          0x0800048d   Thumb Code    42  mc_tasks.o(i.FOC_CalcCurrRef)
    FOC_Clear                                0x080004c1   Thumb Code    86  mc_tasks.o(i.FOC_Clear)
    FOC_InitAdditionalMethods                0x0800052d   Thumb Code     2  mc_tasks.o(i.FOC_InitAdditionalMethods)
    HALL_CalcAvrgMecSpeedUnit                0x0800052f   Thumb Code   208  hall_speed_pos_fdbk.o(i.HALL_CalcAvrgMecSpeedUnit)
    HALL_CalcElAngle                         0x080005ff   Thumb Code    66  hall_speed_pos_fdbk.o(i.HALL_CalcElAngle)
    HALL_Clear                               0x08000641   Thumb Code    86  hall_speed_pos_fdbk.o(i.HALL_Clear)
    HALL_Init                                0x08000699   Thumb Code   304  hall_speed_pos_fdbk.o(i.HALL_Init)
    HALL_TIMx_CC_IRQHandler                  0x080008ad   Thumb Code   740  hall_speed_pos_fdbk.o(i.HALL_TIMx_CC_IRQHandler)
    HALL_TIMx_UP_IRQHandler                  0x08000b91   Thumb Code   138  hall_speed_pos_fdbk.o(i.HALL_TIMx_UP_IRQHandler)
    HAL_ADCEx_InjectedConfigChannel          0x08000c1d   Thumb Code   508  stm32f4xx_hal_adc_ex.o(i.HAL_ADCEx_InjectedConfigChannel)
    HAL_ADC_ConfigChannel                    0x08000e25   Thumb Code   416  stm32f4xx_hal_adc.o(i.HAL_ADC_ConfigChannel)
    HAL_ADC_Init                             0x08000fd5   Thumb Code   360  stm32f4xx_hal_adc.o(i.HAL_ADC_Init)
    HAL_ADC_MspInit                          0x08001149   Thumb Code   228  stm32f4xx_hal_msp.o(i.HAL_ADC_MspInit)
    HAL_DAC_ConfigChannel                    0x08001241   Thumb Code    78  stm32f4xx_hal_dac.o(i.HAL_DAC_ConfigChannel)
    HAL_DAC_Init                             0x0800128f   Thumb Code    40  stm32f4xx_hal_dac.o(i.HAL_DAC_Init)
    HAL_DAC_MspInit                          0x080012b9   Thumb Code    88  stm32f4xx_hal_msp.o(i.HAL_DAC_MspInit)
    HAL_GPIO_Init                            0x0800131d   Thumb Code   550  stm32f4xx_hal_gpio.o(i.HAL_GPIO_Init)
    HAL_GetTick                              0x08001559   Thumb Code     6  stm32f4xx_hal.o(i.HAL_GetTick)
    HAL_IncTick                              0x08001565   Thumb Code    12  stm32f4xx_hal.o(i.HAL_IncTick)
    HAL_Init                                 0x08001575   Thumb Code    48  stm32f4xx_hal.o(i.HAL_Init)
    HAL_InitTick                             0x080015a9   Thumb Code    54  stm32f4xx_hal.o(i.HAL_InitTick)
    HAL_MspInit                              0x080015e9   Thumb Code    46  stm32f4xx_hal_msp.o(i.HAL_MspInit)
    HAL_NVIC_EnableIRQ                       0x08001621   Thumb Code    30  stm32f4xx_hal_cortex.o(i.HAL_NVIC_EnableIRQ)
    HAL_NVIC_SetPriority                     0x08001641   Thumb Code    96  stm32f4xx_hal_cortex.o(i.HAL_NVIC_SetPriority)
    HAL_NVIC_SetPriorityGrouping             0x080016a5   Thumb Code    30  stm32f4xx_hal_cortex.o(i.HAL_NVIC_SetPriorityGrouping)
    HAL_RCC_ClockConfig                      0x080016c9   Thumb Code   324  stm32f4xx_hal_rcc.o(i.HAL_RCC_ClockConfig)
    HAL_RCC_EnableCSS                        0x08001825   Thumb Code     8  stm32f4xx_hal_rcc.o(i.HAL_RCC_EnableCSS)
    HAL_RCC_GetHCLKFreq                      0x08001831   Thumb Code     6  stm32f4xx_hal_rcc.o(i.HAL_RCC_GetHCLKFreq)
    HAL_RCC_GetPCLK1Freq                     0x0800183d   Thumb Code    20  stm32f4xx_hal_rcc.o(i.HAL_RCC_GetPCLK1Freq)
    HAL_RCC_GetPCLK2Freq                     0x0800185d   Thumb Code    20  stm32f4xx_hal_rcc.o(i.HAL_RCC_GetPCLK2Freq)
    HAL_RCC_GetSysClockFreq                  0x0800187d   Thumb Code    98  stm32f4xx_hal_rcc.o(i.HAL_RCC_GetSysClockFreq)
    HAL_RCC_OscConfig                        0x080018f1   Thumb Code   960  stm32f4xx_hal_rcc.o(i.HAL_RCC_OscConfig)
    HAL_SYSTICK_Callback                     0x08001cd9   Thumb Code     2  stm32f4xx_hal_cortex.o(i.HAL_SYSTICK_Callback)
    HAL_SYSTICK_Config                       0x08001cdd   Thumb Code    38  stm32f4xx_hal_cortex.o(i.HAL_SYSTICK_Config)
    HAL_SYSTICK_IRQHandler                   0x08001d09   Thumb Code     8  stm32f4xx_hal_cortex.o(i.HAL_SYSTICK_IRQHandler)
    HAL_TIMEx_ConfigBreakDeadTime            0x08001d11   Thumb Code    82  stm32f4xx_hal_tim_ex.o(i.HAL_TIMEx_ConfigBreakDeadTime)
    HAL_TIMEx_HallSensor_Init                0x08001d63   Thumb Code   188  stm32f4xx_hal_tim_ex.o(i.HAL_TIMEx_HallSensor_Init)
    HAL_TIMEx_HallSensor_MspInit             0x08001e1f   Thumb Code     2  stm32f4xx_hal_tim_ex.o(i.HAL_TIMEx_HallSensor_MspInit)
    HAL_TIMEx_MasterConfigSynchronization    0x08001e21   Thumb Code   150  stm32f4xx_hal_tim_ex.o(i.HAL_TIMEx_MasterConfigSynchronization)
    HAL_TIM_Base_Init                        0x08001eb7   Thumb Code    54  stm32f4xx_hal_tim.o(i.HAL_TIM_Base_Init)
    HAL_TIM_Base_MspInit                     0x08001eed   Thumb Code   122  stm32f4xx_hal_msp.o(i.HAL_TIM_Base_MspInit)
    HAL_TIM_ConfigClockSource                0x08001f79   Thumb Code   388  stm32f4xx_hal_tim.o(i.HAL_TIM_ConfigClockSource)
    HAL_TIM_MspPostInit                      0x080020fd   Thumb Code   118  stm32f4xx_hal_msp.o(i.HAL_TIM_MspPostInit)
    HAL_TIM_PWM_ConfigChannel                0x08002181   Thumb Code   578  stm32f4xx_hal_tim.o(i.HAL_TIM_PWM_ConfigChannel)
    HAL_TIM_PWM_Init                         0x080023cd   Thumb Code    54  stm32f4xx_hal_tim.o(i.HAL_TIM_PWM_Init)
    HAL_TIM_PWM_MspInit                      0x08002403   Thumb Code     2  stm32f4xx_hal_tim.o(i.HAL_TIM_PWM_MspInit)
    HAL_TIM_SlaveConfigSynchro               0x08002405   Thumb Code    86  stm32f4xx_hal_tim.o(i.HAL_TIM_SlaveConfigSynchro)
    HAL_UART_Init                            0x0800245b   Thumb Code    98  stm32f4xx_hal_uart.o(i.HAL_UART_Init)
    HAL_UART_MspInit                         0x080024bd   Thumb Code    92  stm32f4xx_hal_msp.o(i.HAL_UART_MspInit)
    HardFault_Handler                        0x08002525   Thumb Code   104  stm32f4xx_mc_it.o(i.HardFault_Handler)
    MCI_Clear_Iqdref                         0x080025f1   Thumb Code    16  mc_interface.o(i.MCI_Clear_Iqdref)
    MCI_EncoderAlign                         0x08002601   Thumb Code     8  mc_interface.o(i.MCI_EncoderAlign)
    MCI_ExecBufferedCommands                 0x08002609   Thumb Code   120  mc_interface.o(i.MCI_ExecBufferedCommands)
    MCI_ExecSpeedRamp                        0x08002681   Thumb Code    14  mc_interface.o(i.MCI_ExecSpeedRamp)
    MCI_ExecTorqueRamp                       0x0800268f   Thumb Code    18  mc_interface.o(i.MCI_ExecTorqueRamp)
    MCI_FaultAcknowledged                    0x080026a1   Thumb Code     6  mc_interface.o(i.MCI_FaultAcknowledged)
    MCI_GetAvrgMecSpeedUnit                  0x080026a7   Thumb Code    16  mc_interface.o(i.MCI_GetAvrgMecSpeedUnit)
    MCI_GetControlMode                       0x080026b7   Thumb Code     4  mc_interface.o(i.MCI_GetControlMode)
    MCI_GetIab                               0x080026bb   Thumb Code     6  mc_interface.o(i.MCI_GetIab)
    MCI_GetIalphabeta                        0x080026c1   Thumb Code     6  mc_interface.o(i.MCI_GetIalphabeta)
    MCI_GetIqd                               0x080026c7   Thumb Code     6  mc_interface.o(i.MCI_GetIqd)
    MCI_GetIqdref                            0x080026cd   Thumb Code     6  mc_interface.o(i.MCI_GetIqdref)
    MCI_GetLastRampFinalSpeed                0x080026d3   Thumb Code    16  mc_interface.o(i.MCI_GetLastRampFinalSpeed)
    MCI_GetMecSpeedRefUnit                   0x080026e3   Thumb Code     6  mc_interface.o(i.MCI_GetMecSpeedRefUnit)
    MCI_GetSTMState                          0x080026e9   Thumb Code     6  mc_interface.o(i.MCI_GetSTMState)
    MCI_GetTeref                             0x080026ef   Thumb Code     8  mc_interface.o(i.MCI_GetTeref)
    MCI_GetValphabeta                        0x080026f7   Thumb Code     8  mc_interface.o(i.MCI_GetValphabeta)
    MCI_GetVqd                               0x080026ff   Thumb Code     8  mc_interface.o(i.MCI_GetVqd)
    MCI_Init                                 0x08002707   Thumb Code    20  mc_interface.o(i.MCI_Init)
    MCI_SetCurrentReferences                 0x0800271b   Thumb Code    20  mc_interface.o(i.MCI_SetCurrentReferences)
    MCI_SetIdref                             0x0800272f   Thumb Code    10  mc_interface.o(i.MCI_SetIdref)
    MCI_StartMotor                           0x08002739   Thumb Code    22  mc_interface.o(i.MCI_StartMotor)
    MCI_StopMotor                            0x0800274f   Thumb Code     8  mc_interface.o(i.MCI_StopMotor)
    MCI_StopRamp                             0x08002757   Thumb Code     6  mc_interface.o(i.MCI_StopRamp)
    MCM_Clarke                               0x0800275d   Thumb Code    72  mc_math.o(i.MCM_Clarke)
    MCM_Park                                 0x080027a9   Thumb Code   122  mc_math.o(i.MCM_Park)
    MCM_Rev_Park                             0x0800282d   Thumb Code    54  mc_math.o(i.MCM_Rev_Park)
    MCM_Trig_Functions                       0x08002865   Thumb Code   112  mc_math.o(i.MCM_Trig_Functions)
    MCP_Init                                 0x080028d9   Thumb Code    54  motor_control_protocol.o(i.MCP_Init)
    MCP_OnTimeOut                            0x0800291d   Thumb Code     8  motor_control_protocol.o(i.MCP_OnTimeOut)
    MCP_ReceivedFrame                        0x08002925   Thumb Code  1788  motor_control_protocol.o(i.MCP_ReceivedFrame)
    MCP_SentFrame                            0x0800302d   Thumb Code     8  motor_control_protocol.o(i.MCP_SentFrame)
    MCP_WaitNextFrame                        0x08003035   Thumb Code    26  motor_control_protocol.o(i.MCP_WaitNextFrame)
    MC_RunMotorControlTasks                  0x08003051   Thumb Code    28  mc_tasks.o(i.MC_RunMotorControlTasks)
    MC_Scheduler                             0x08003071   Thumb Code    58  mc_tasks.o(i.MC_Scheduler)
    MCboot                                   0x080030b1   Thumb Code   336  mc_tasks.o(i.MCboot)
    MPM_CalcElMotorPower                     0x0800323d   Thumb Code    70  motor_power_measurement.o(i.MPM_CalcElMotorPower)
    MPM_Clear                                0x08003283   Thumb Code    26  motor_power_measurement.o(i.MPM_Clear)
    MPM_GetAvrgElMotorPowerW                 0x0800329d   Thumb Code     6  motor_power_measurement.o(i.MPM_GetAvrgElMotorPowerW)
    MX_MotorControl_Init                     0x080032a5   Thumb Code    48  motorcontrol.o(i.MX_MotorControl_Init)
    NTC_CalcAvTemp                           0x080032dd   Thumb Code    58  ntc_temperature_sensor.o(i.NTC_CalcAvTemp)
    NTC_Clear                                0x08003317   Thumb Code     6  ntc_temperature_sensor.o(i.NTC_Clear)
    NTC_GetAvTemp_C                          0x0800331d   Thumb Code    40  ntc_temperature_sensor.o(i.NTC_GetAvTemp_C)
    NTC_Init                                 0x08003345   Thumb Code    36  ntc_temperature_sensor.o(i.NTC_Init)
    NTC_SetFaultState                        0x08003369   Thumb Code    24  ntc_temperature_sensor.o(i.NTC_SetFaultState)
    PID_GetKD                                0x08003381   Thumb Code     6  pid_regulator.o(i.PID_GetKD)
    PID_GetKI                                0x08003387   Thumb Code     6  pid_regulator.o(i.PID_GetKI)
    PID_GetKIDivisor                         0x0800338d   Thumb Code     4  pid_regulator.o(i.PID_GetKIDivisor)
    PID_GetKP                                0x08003391   Thumb Code     6  pid_regulator.o(i.PID_GetKP)
    PID_GetKPDivisor                         0x08003397   Thumb Code     4  pid_regulator.o(i.PID_GetKPDivisor)
    PID_HandleInit                           0x0800339b   Thumb Code    20  pid_regulator.o(i.PID_HandleInit)
    PID_SetIntegralTerm                      0x080033af   Thumb Code     4  pid_regulator.o(i.PID_SetIntegralTerm)
    PID_SetKD                                0x080033b3   Thumb Code     4  pid_regulator.o(i.PID_SetKD)
    PID_SetKI                                0x080033b7   Thumb Code     4  pid_regulator.o(i.PID_SetKI)
    PID_SetKP                                0x080033bb   Thumb Code     4  pid_regulator.o(i.PID_SetKP)
    PI_Controller                            0x080033c1   Thumb Code   122  pid_regulator.o(i.PI_Controller)
    PQD_CalcElMotorPower                     0x08003441   Thumb Code    90  pqd_motor_power_measurement.o(i.PQD_CalcElMotorPower)
    PWMC_CheckOverCurrent                    0x080034a1   Thumb Code     4  pwm_curr_fdbk.o(i.PWMC_CheckOverCurrent)
    PWMC_CurrentReadingCalibr                0x080034a5   Thumb Code    66  pwm_curr_fdbk.o(i.PWMC_CurrentReadingCalibr)
    PWMC_GetPhaseCurrents                    0x080034e7   Thumb Code     4  pwm_curr_fdbk.o(i.PWMC_GetPhaseCurrents)
    PWMC_SetPhaseVoltage                     0x080034eb   Thumb Code   474  pwm_curr_fdbk.o(i.PWMC_SetPhaseVoltage)
    PWMC_SwitchOffPWM                        0x080036c5   Thumb Code     4  pwm_curr_fdbk.o(i.PWMC_SwitchOffPWM)
    R3_2_BRK_IRQHandler                      0x080036c9   Thumb Code    48  r3_2_f4xx_pwm_curr_fdbk.o(i.R3_2_BRK_IRQHandler)
    R3_2_CurrentReadingCalibration           0x080036f9   Thumb Code   292  r3_2_f4xx_pwm_curr_fdbk.o(i.R3_2_CurrentReadingCalibration)
    R3_2_GetPhaseCurrents                    0x08003835   Thumb Code   296  r3_2_f4xx_pwm_curr_fdbk.o(i.R3_2_GetPhaseCurrents)
    R3_2_HFCurrentsCalibrationAB             0x08003961   Thumb Code    86  r3_2_f4xx_pwm_curr_fdbk.o(i.R3_2_HFCurrentsCalibrationAB)
    R3_2_HFCurrentsCalibrationC              0x080039b7   Thumb Code    62  r3_2_f4xx_pwm_curr_fdbk.o(i.R3_2_HFCurrentsCalibrationC)
    R3_2_Init                                0x080039f5   Thumb Code   260  r3_2_f4xx_pwm_curr_fdbk.o(i.R3_2_Init)
    R3_2_IsOverCurrentOccurred               0x08003afd   Thumb Code    22  r3_2_f4xx_pwm_curr_fdbk.o(i.R3_2_IsOverCurrentOccurred)
    R3_2_RLDetectionModeDisable              0x08003b15   Thumb Code   218  r3_2_f4xx_pwm_curr_fdbk.o(i.R3_2_RLDetectionModeDisable)
    R3_2_RLDetectionModeEnable               0x08003c01   Thumb Code   166  r3_2_f4xx_pwm_curr_fdbk.o(i.R3_2_RLDetectionModeEnable)
    R3_2_RLDetectionModeSetDuty              0x08003cb9   Thumb Code    52  r3_2_f4xx_pwm_curr_fdbk.o(i.R3_2_RLDetectionModeSetDuty)
    R3_2_SetADCSampPointCalibration          0x08003e2b   Thumb Code    68  r3_2_f4xx_pwm_curr_fdbk.o(i.R3_2_SetADCSampPointCalibration)
    R3_2_SetADCSampPointSectX                0x08003e6f   Thumb Code   134  r3_2_f4xx_pwm_curr_fdbk.o(i.R3_2_SetADCSampPointSectX)
    R3_2_SwitchOffPWM                        0x08003ef5   Thumb Code    82  r3_2_f4xx_pwm_curr_fdbk.o(i.R3_2_SwitchOffPWM)
    R3_2_SwitchOnPWM                         0x08003f47   Thumb Code   188  r3_2_f4xx_pwm_curr_fdbk.o(i.R3_2_SwitchOnPWM)
    R3_2_TIMx_UP_IRQHandler                  0x08004003   Thumb Code   242  r3_2_f4xx_pwm_curr_fdbk.o(i.R3_2_TIMx_UP_IRQHandler)
    R3_2_TurnOnLowSides                      0x080040f5   Thumb Code    76  r3_2_f4xx_pwm_curr_fdbk.o(i.R3_2_TurnOnLowSides)
    RCM_ExecRegularConv                      0x08004141   Thumb Code   120  regular_conversion_manager.o(i.RCM_ExecRegularConv)
    RCM_ExecUserConv                         0x080041c1   Thumb Code    60  regular_conversion_manager.o(i.RCM_ExecUserConv)
    RCM_RegisterRegConv                      0x08004205   Thumb Code   246  regular_conversion_manager.o(i.RCM_RegisterRegConv)
    REMNG_Init                               0x08004309   Thumb Code    16  ramp_ext_mngr.o(i.REMNG_Init)
    RUC_GetNumberOfPhases                    0x08004319   Thumb Code     6  revup_ctrl.o(i.RUC_GetNumberOfPhases)
    RUC_GetPhaseDurationms                   0x0800431f   Thumb Code    12  revup_ctrl.o(i.RUC_GetPhaseDurationms)
    RUC_GetPhaseFinalMecSpeedUnit            0x0800432b   Thumb Code    14  revup_ctrl.o(i.RUC_GetPhaseFinalMecSpeedUnit)
    RUC_GetPhaseFinalTorque                  0x08004339   Thumb Code    14  revup_ctrl.o(i.RUC_GetPhaseFinalTorque)
    RUC_SetPhaseDurationms                   0x08004347   Thumb Code    12  revup_ctrl.o(i.RUC_SetPhaseDurationms)
    RUC_SetPhaseFinalMecSpeedUnit            0x08004353   Thumb Code    12  revup_ctrl.o(i.RUC_SetPhaseFinalMecSpeedUnit)
    RUC_SetPhaseFinalTorque                  0x0800435f   Thumb Code    12  revup_ctrl.o(i.RUC_SetPhaseFinalTorque)
    SPD_GetAvrgMecSpeedUnit                  0x0800436b   Thumb Code     6  speed_pos_fdbk.o(i.SPD_GetAvrgMecSpeedUnit)
    SPD_GetElAngle                           0x08004371   Thumb Code     6  speed_pos_fdbk.o(i.SPD_GetElAngle)
    SPD_GetInstElSpeedDpp                    0x08004377   Thumb Code     6  speed_pos_fdbk.o(i.SPD_GetInstElSpeedDpp)
    SPD_GetS16Speed                          0x0800437d   Thumb Code    20  speed_pos_fdbk.o(i.SPD_GetS16Speed)
    SPD_IsMecSpeedReliable                   0x08004391   Thumb Code    96  speed_pos_fdbk.o(i.SPD_IsMecSpeedReliable)
    STC_CalcTorqueReference                  0x080043f1   Thumb Code    92  speed_torq_ctrl.o(i.STC_CalcTorqueReference)
    STC_Clear                                0x0800444d   Thumb Code    16  speed_torq_ctrl.o(i.STC_Clear)
    STC_ExecRamp                             0x0800445d   Thumb Code   146  speed_torq_ctrl.o(i.STC_ExecRamp)
    STC_ForceSpeedReferenceToCurrentSpeed    0x080044ef   Thumb Code    16  speed_torq_ctrl.o(i.STC_ForceSpeedReferenceToCurrentSpeed)
    STC_GetDefaultIqdref                     0x080044ff   Thumb Code    16  speed_torq_ctrl.o(i.STC_GetDefaultIqdref)
    STC_GetMaxAppPositiveMecSpeedUnit        0x0800450f   Thumb Code     4  speed_torq_ctrl.o(i.STC_GetMaxAppPositiveMecSpeedUnit)
    STC_GetMecSpeedRefUnit                   0x08004513   Thumb Code    12  speed_torq_ctrl.o(i.STC_GetMecSpeedRefUnit)
    STC_GetMecSpeedRefUnitDefault            0x0800451f   Thumb Code     6  speed_torq_ctrl.o(i.STC_GetMecSpeedRefUnitDefault)
    STC_GetMinAppNegativeMecSpeedUnit        0x08004525   Thumb Code     6  speed_torq_ctrl.o(i.STC_GetMinAppNegativeMecSpeedUnit)
    STC_GetSpeedSensor                       0x0800452b   Thumb Code     4  speed_torq_ctrl.o(i.STC_GetSpeedSensor)
    STC_GetTorqueRef                         0x0800452f   Thumb Code    12  speed_torq_ctrl.o(i.STC_GetTorqueRef)
    STC_Init                                 0x0800453b   Thumb Code    32  speed_torq_ctrl.o(i.STC_Init)
    STC_SetControlMode                       0x0800455b   Thumb Code     8  speed_torq_ctrl.o(i.STC_SetControlMode)
    STC_StopRamp                             0x08004563   Thumb Code     8  speed_torq_ctrl.o(i.STC_StopRamp)
    STM_FaultAcknowledged                    0x0800456b   Thumb Code    22  state_machine.o(i.STM_FaultAcknowledged)
    STM_FaultProcessing                      0x08004581   Thumb Code    54  state_machine.o(i.STM_FaultProcessing)
    STM_GetFaultState                        0x080045b7   Thumb Code    10  state_machine.o(i.STM_GetFaultState)
    STM_GetState                             0x080045c1   Thumb Code     4  state_machine.o(i.STM_GetState)
    STM_Init                                 0x080045c5   Thumb Code    10  state_machine.o(i.STM_Init)
    STM_NextState                            0x080045cf   Thumb Code   252  state_machine.o(i.STM_NextState)
    SysTick_Handler                          0x080046cd   Thumb Code    36  stm32f4xx_mc_it.o(i.SysTick_Handler)
    SystemClock_Config                       0x080046f5   Thumb Code   128  main.o(i.SystemClock_Config)
    SystemInit                               0x0800477d   Thumb Code    20  system_stm32f4xx.o(i.SystemInit)
    TIM1_BRK_TIM9_IRQHandler                 0x08004799   Thumb Code    36  stm32f4xx_mc_it.o(i.TIM1_BRK_TIM9_IRQHandler)
    TIM1_UP_TIM10_IRQHandler                 0x080047c1   Thumb Code    18  stm32f4xx_mc_it.o(i.TIM1_UP_TIM10_IRQHandler)
    TIM3_IRQHandler                          0x080047d9   Thumb Code    54  stm32f4xx_mc_it.o(i.TIM3_IRQHandler)
    TIM_Base_SetConfig                       0x08004815   Thumb Code   180  stm32f4xx_hal_tim.o(i.TIM_Base_SetConfig)
    TIM_OC2_SetConfig                        0x080048dd   Thumb Code   104  stm32f4xx_hal_tim.o(i.TIM_OC2_SetConfig)
    TIM_TI1_SetConfig                        0x08004a2b   Thumb Code   140  stm32f4xx_hal_tim.o(i.TIM_TI1_SetConfig)
    TSK_ChargeBootCapDelayHasElapsedM1       0x08004ab9   Thumb Code    14  mc_tasks.o(i.TSK_ChargeBootCapDelayHasElapsedM1)
    TSK_HardwareFaultTask                    0x08004acd   Thumb Code    24  mc_tasks.o(i.TSK_HardwareFaultTask)
    TSK_HighFrequencyTask                    0x08004aed   Thumb Code   186  mc_tasks.o(i.TSK_HighFrequencyTask)
    TSK_MediumFrequencyTaskM1                0x08004bb9   Thumb Code   326  mc_tasks.o(i.TSK_MediumFrequencyTaskM1)
    TSK_SafetyTask                           0x08004d19   Thumb Code    26  mc_tasks.o(i.TSK_SafetyTask)
    TSK_SafetyTask_PWMOFF                    0x08004d39   Thumb Code   114  mc_tasks.o(i.TSK_SafetyTask_PWMOFF)
    TSK_SetChargeBootCapDelayM1              0x08004dbd   Thumb Code     6  mc_tasks.o(i.TSK_SetChargeBootCapDelayM1)
    TSK_SetStopPermanencyTimeM1              0x08004dc9   Thumb Code     6  mc_tasks.o(i.TSK_SetStopPermanencyTimeM1)
    TSK_StopPermanencyTimeHasElapsedM1       0x08004dd5   Thumb Code    14  mc_tasks.o(i.TSK_StopPermanencyTimeHasElapsedM1)
    UFCP_AbortReceive                        0x08004f7d   Thumb Code     8  usart_frame_communication_protocol.o(i.UFCP_AbortReceive)
    UFCP_Init                                0x08004f85   Thumb Code     4  usart_frame_communication_protocol.o(i.UFCP_Init)
    UFCP_OVR_IRQ_Handler                     0x08004f89   Thumb Code    20  usart_frame_communication_protocol.o(i.UFCP_OVR_IRQ_Handler)
    UFCP_RX_IRQ_Handler                      0x08004f9d   Thumb Code   178  usart_frame_communication_protocol.o(i.UFCP_RX_IRQ_Handler)
    UFCP_Receive                             0x0800505d   Thumb Code    40  usart_frame_communication_protocol.o(i.UFCP_Receive)
    UFCP_Send                                0x08005085   Thumb Code    86  usart_frame_communication_protocol.o(i.UFCP_Send)
    UFCP_TX_IRQ_Handler                      0x080050db   Thumb Code   100  usart_frame_communication_protocol.o(i.UFCP_TX_IRQ_Handler)
    UI_DACExec                               0x0800513f   Thumb Code    10  user_interface.o(i.UI_DACExec)
    UI_DACInit                               0x08005149   Thumb Code    10  user_interface.o(i.UI_DACInit)
    UI_DACUpdate                             0x08005155   Thumb Code    28  ui_task.o(i.UI_DACUpdate)
    UI_ExecCmd                               0x08005175   Thumb Code   110  user_interface.o(i.UI_ExecCmd)
    UI_ExecSpeedRamp                         0x080051e5   Thumb Code    44  user_interface.o(i.UI_ExecSpeedRamp)
    UI_ExecTorqueRamp                        0x08005215   Thumb Code    20  user_interface.o(i.UI_ExecTorqueRamp)
    UI_GetDAC                                0x08005229   Thumb Code    16  user_interface.o(i.UI_GetDAC)
    UI_GetMPInfo                             0x08005239   Thumb Code     4  user_interface.o(i.UI_GetMPInfo)
    UI_GetReg                                0x0800523d   Thumb Code   862  user_interface.o(i.UI_GetReg)
    UI_GetRevupData                          0x080055a9   Thumb Code    74  user_interface.o(i.UI_GetRevupData)
    UI_GetSelectedMC                         0x080055f3   Thumb Code     6  user_interface.o(i.UI_GetSelectedMC)
    UI_Init                                  0x080055f9   Thumb Code    22  user_interface.o(i.UI_Init)
    UI_Scheduler                             0x08005611   Thumb Code    40  ui_task.o(i.UI_Scheduler)
    UI_SelectMC                              0x0800563d   Thumb Code    18  user_interface.o(i.UI_SelectMC)
    UI_SerialCommunicationTimeOutStart       0x08005651   Thumb Code     8  ui_task.o(i.UI_SerialCommunicationTimeOutStart)
    UI_SerialCommunicationTimeOutStop        0x0800565d   Thumb Code     8  ui_task.o(i.UI_SerialCommunicationTimeOutStop)
    UI_SetCurrentReferences                  0x08005669   Thumb Code    26  user_interface.o(i.UI_SetCurrentReferences)
    UI_SetDAC                                0x08005683   Thumb Code    10  user_interface.o(i.UI_SetDAC)
    UI_SetReg                                0x0800568d   Thumb Code   328  user_interface.o(i.UI_SetReg)
    UI_SetRevupData                          0x080057d9   Thumb Code    56  user_interface.o(i.UI_SetRevupData)
    UI_TaskInit                              0x08005811   Thumb Code   144  ui_task.o(i.UI_TaskInit)
    USART1_IRQHandler                        0x080058c1   Thumb Code   104  stm32f4xx_mc_it.o(i.USART1_IRQHandler)
    VBS_GetAvBusVoltage_V                    0x0800592d   Thumb Code    10  bus_voltage_sensor.o(i.VBS_GetAvBusVoltage_V)
    VVBS_Init                                0x08005937   Thumb Code    12  virtual_bus_voltage_sensor.o(i.VVBS_Init)
    __scatterload_copy                       0x08005943   Thumb Code    14  handlers.o(i.__scatterload_copy)
    __scatterload_null                       0x08005951   Thumb Code     2  handlers.o(i.__scatterload_null)
    __scatterload_zeroinit                   0x08005953   Thumb Code    14  handlers.o(i.__scatterload_zeroinit)
    main                                     0x08005961   Thumb Code   832  main.o(i.main)
    mc_lock_pins                             0x08005cd9   Thumb Code   196  mc_tasks.o(i.mc_lock_pins)
    startTimers                              0x08005db9   Thumb Code    92  pwm_common.o(i.startTimers)
    waitForPolarizationEnd                   0x08005e19   Thumb Code   102  pwm_common.o(i.waitForPolarizationEnd)
    s_fwVer                                  0x08005e7e   Data          32  motorcontrol.o(.constdata)
    hSin_Cos_Table                           0x08005ea2   Data         512  mc_math.o(.constdata)
    R3_2_ParamsM1                            0x080060a4   Data         148  mc_parameters.o(.constdata)
    AHBPrescTable                            0x08006138   Data          16  system_stm32f4xx.o(.constdata)
    APBPrescTable                            0x08006148   Data           8  system_stm32f4xx.o(.constdata)
    Region$$Table$$Base                      0x08006174   Number         0  anon$$obj.o(Region$$Table)
    Region$$Table$$Limit                     0x08006194   Number         0  anon$$obj.o(Region$$Table)
    wConfig                                  0x20000000   Data           4  motorcontrol.o(.data)
    pMCI                                     0x20000004   Data           4  motorcontrol.o(.data)
    pMCT                                     0x20000008   Data           4  motorcontrol.o(.data)
    MPInfo                                   0x2000000c   Data           8  motor_control_protocol.o(.data)
    PQD_MotorPowMeasM1                       0x20000014   Data         276  mc_config.o(.data)
    PIDSpeedHandle_M1                        0x20000128   Data          44  mc_config.o(.data)
    PIDIqHandle_M1                           0x20000154   Data          44  mc_config.o(.data)
    PIDIdHandle_M1                           0x20000180   Data          44  mc_config.o(.data)
    SpeednTorqCtrlM1                         0x200001ac   Data          52  mc_config.o(.data)
    PWM_Handle_M1                            0x200001e0   Data         124  mc_config.o(.data)
    HALL_M1                                  0x2000025c   Data         200  mc_config.o(.data)
    TempSensorParamsM1                       0x20000324   Data          40  mc_config.o(.data)
    VirtualBusVoltageSensorParamsM1          0x2000034c   Data          12  mc_config.o(.data)
    UI_Params                                0x20000358   Data          48  mc_config.o(.data)
    DAC_UI_Params                            0x20000388   Data          60  mc_config.o(.data)
    RampExtMngrHFParamsM1                    0x200003c4   Data          24  mc_config.o(.data)
    CircleLimitationM1                       0x200003dc   Data         180  mc_config.o(.data)
    pUSART                                   0x20000490   Data         316  mc_config.o(.data)
    bMCBootCompleted                         0x200005cc   Data           1  mc_tasks.o(.data)
    oMCInterface                             0x200005d4   Data           4  mc_tasks.o(.data)
    pSTC                                     0x200005d8   Data           4  mc_tasks.o(.data)
    pPIDSpeed                                0x200005dc   Data           4  mc_tasks.o(.data)
    pPIDIq                                   0x200005e0   Data           4  mc_tasks.o(.data)
    pPIDId                                   0x200005e4   Data           4  mc_tasks.o(.data)
    pBusSensorM1                             0x200005e8   Data           4  mc_tasks.o(.data)
    pTemperatureSensor                       0x200005ec   Data           4  mc_tasks.o(.data)
    pwmcHandle                               0x200005f0   Data           4  mc_tasks.o(.data)
    pMPM                                     0x200005f4   Data           4  mc_tasks.o(.data)
    pCLM                                     0x200005f8   Data           4  mc_tasks.o(.data)
    pREMNG                                   0x200005fc   Data           4  mc_tasks.o(.data)
    STM                                      0x20000600   Data           6  mc_tasks.o(.data)
    RCM_UserConvHandle                       0x20000606   Data           1  regular_conversion_manager.o(.data)
    RCM_UserConvState                        0x20000607   Data           1  regular_conversion_manager.o(.data)
    RCM_UserConvValue                        0x20000608   Data           2  regular_conversion_manager.o(.data)
    pDAC                                     0x20000614   Data           4  ui_task.o(.data)
    pMCP                                     0x20000618   Data           4  ui_task.o(.data)
    uwTickFreq                               0x2000061c   Data           1  stm32f4xx_hal.o(.data)
    uwTickPrio                               0x20000620   Data           4  stm32f4xx_hal.o(.data)
    uwTick                                   0x20000624   Data           4  stm32f4xx_hal.o(.data)
    SystemCoreClock                          0x20000628   Data           4  system_stm32f4xx.o(.data)
    hadc1                                    0x2000062c   Data          72  main.o(.bss)
    hadc2                                    0x20000674   Data          72  main.o(.bss)
    hdac                                     0x200006bc   Data          20  main.o(.bss)
    htim1                                    0x200006d0   Data          64  main.o(.bss)
    htim3                                    0x20000710   Data          64  main.o(.bss)
    huart1                                   0x20000750   Data          64  main.o(.bss)
    FOCVars                                  0x20000790   Data          38  mc_tasks.o(.bss)
    Mci                                      0x200007b8   Data          28  mc_tasks.o(.bss)
    MCT                                      0x200007d4   Data          84  mc_tasks.o(.bss)
    RCM_handle_array                         0x20000828   Data          16  regular_conversion_manager.o(.bss)
    RCM_CB_array                             0x20000838   Data          32  regular_conversion_manager.o(.bss)
    MCP_UI_Params                            0x20000858   Data         204  ui_task.o(.bss)
    __initial_sp                             0x20000d28   Data           0  startup_stm32f407xx.o(STACK)



==============================================================================

Memory Map of the image

  Image Entry point : 0x08000189

  Load Region LR_IROM1 (Base: 0x08000000, Size: 0x000067c0, Max: 0x00100000, ABSOLUTE, COMPRESSED[0x0000631c])

    Execution Region ER_IROM1 (Base: 0x08000000, Size: 0x00006194, Max: 0x00100000, ABSOLUTE)

    Base Addr    Size         Type   Attr      Idx    E Section Name        Object

    0x08000000   0x00000188   Data   RO            3    RESET               startup_stm32f407xx.o
    0x08000188   0x00000000   Code   RO         6050  * .ARM.Collect$$$$00000000  mc_w.l(entry.o)
    0x08000188   0x00000004   Code   RO         6055    .ARM.Collect$$$$00000001  mc_w.l(entry2.o)
    0x0800018c   0x00000004   Code   RO         6058    .ARM.Collect$$$$00000004  mc_w.l(entry5.o)
    0x08000190   0x00000000   Code   RO         6060    .ARM.Collect$$$$00000008  mc_w.l(entry7b.o)
    0x08000190   0x00000000   Code   RO         6062    .ARM.Collect$$$$0000000A  mc_w.l(entry8b.o)
    0x08000190   0x00000008   Code   RO         6063    .ARM.Collect$$$$0000000B  mc_w.l(entry9a.o)
    0x08000198   0x00000000   Code   RO         6065    .ARM.Collect$$$$0000000D  mc_w.l(entry10a.o)
    0x08000198   0x00000000   Code   RO         6067    .ARM.Collect$$$$0000000F  mc_w.l(entry11a.o)
    0x08000198   0x00000004   Code   RO         6056    .ARM.Collect$$$$00002712  mc_w.l(entry2.o)
    0x0800019c   0x00000024   Code   RO            4    .text               startup_stm32f407xx.o
    0x080001c0   0x00000062   Code   RO         6053    .text               mc_w.l(uldiv.o)
    0x08000222   0x0000001e   Code   RO         6069    .text               mc_w.l(llshl.o)
    0x08000240   0x00000020   Code   RO         6071    .text               mc_w.l(llushr.o)
    0x08000260   0x00000024   Code   RO         6073    .text               mc_w.l(init.o)
    0x08000284   0x00000056   Code   RO         6083    .text               mc_w.l(__dczerorl2.o)
    0x080002da   0x00000002   PAD
    0x080002dc   0x0000003c   Code   RO         1193    i.ADC_IRQHandler    stm32f4xx_mc_it.o
    0x08000318   0x00000056   Code   RO         4478    i.Circle_Limitation  circle_limitation.o
    0x0800036e   0x00000002   PAD
    0x08000370   0x00000078   Code   RO         1504    i.DAC_Exec          dac_ui.o
    0x080003e8   0x00000008   Code   RO         5854    i.DAC_GetChannelConfig  dac_common_ui.o
    0x080003f0   0x0000000a   Code   RO         5855    i.DAC_GetUserChannelValue  dac_common_ui.o
    0x080003fa   0x00000002   PAD
    0x080003fc   0x00000018   Code   RO         1505    i.DAC_Init          dac_ui.o
    0x08000414   0x00000008   Code   RO         5856    i.DAC_SetChannelConfig  dac_common_ui.o
    0x0800041c   0x00000008   Code   RO         5857    i.DAC_SetUserChannelValue  dac_common_ui.o
    0x08000424   0x0000002e   Code   RO         5896    i.FCP_CalcCRC       frame_communication_protocol.o
    0x08000452   0x0000002a   Code   RO         5897    i.FCP_Init          frame_communication_protocol.o
    0x0800047c   0x0000000e   Code   RO         5899    i.FCP_SetClient     frame_communication_protocol.o
    0x0800048a   0x00000002   PAD
    0x0800048c   0x00000034   Code   RO          697    i.FOC_CalcCurrRef   mc_tasks.o
    0x080004c0   0x0000006c   Code   RO          698    i.FOC_Clear         mc_tasks.o
    0x0800052c   0x00000002   Code   RO          699    i.FOC_InitAdditionalMethods  mc_tasks.o
    0x0800052e   0x000000d0   Code   RO         4535    i.HALL_CalcAvrgMecSpeedUnit  hall_speed_pos_fdbk.o
    0x080005fe   0x00000042   Code   RO         4536    i.HALL_CalcElAngle  hall_speed_pos_fdbk.o
    0x08000640   0x00000056   Code   RO         4537    i.HALL_Clear        hall_speed_pos_fdbk.o
    0x08000696   0x00000002   PAD
    0x08000698   0x0000013c   Code   RO         4538    i.HALL_Init         hall_speed_pos_fdbk.o
    0x080007d4   0x000000d6   Code   RO         4539    i.HALL_Init_Electrical_Angle  hall_speed_pos_fdbk.o
    0x080008aa   0x00000002   PAD
    0x080008ac   0x000002e4   Code   RO         4541    i.HALL_TIMx_CC_IRQHandler  hall_speed_pos_fdbk.o
    0x08000b90   0x0000008a   Code   RO         4542    i.HALL_TIMx_UP_IRQHandler  hall_speed_pos_fdbk.o
    0x08000c1a   0x00000002   PAD
    0x08000c1c   0x00000208   Code   RO         1804    i.HAL_ADCEx_InjectedConfigChannel  stm32f4xx_hal_adc_ex.o
    0x08000e24   0x000001b0   Code   RO         1640    i.HAL_ADC_ConfigChannel  stm32f4xx_hal_adc.o
    0x08000fd4   0x00000174   Code   RO         1649    i.HAL_ADC_Init      stm32f4xx_hal_adc.o
    0x08001148   0x000000f8   Code   RO         1559    i.HAL_ADC_MspInit   stm32f4xx_hal_msp.o
    0x08001240   0x0000004e   Code   RO         1909    i.HAL_DAC_ConfigChannel  stm32f4xx_hal_dac.o
    0x0800128e   0x00000028   Code   RO         1919    i.HAL_DAC_Init      stm32f4xx_hal_dac.o
    0x080012b6   0x00000002   PAD
    0x080012b8   0x00000064   Code   RO         1561    i.HAL_DAC_MspInit   stm32f4xx_hal_msp.o
    0x0800131c   0x0000023c   Code   RO         3646    i.HAL_GPIO_Init     stm32f4xx_hal_gpio.o
    0x08001558   0x0000000c   Code   RO         4153    i.HAL_GetTick       stm32f4xx_hal.o
    0x08001564   0x00000010   Code   RO         4159    i.HAL_IncTick       stm32f4xx_hal.o
    0x08001574   0x00000034   Code   RO         4160    i.HAL_Init          stm32f4xx_hal.o
    0x080015a8   0x00000040   Code   RO         4161    i.HAL_InitTick      stm32f4xx_hal.o
    0x080015e8   0x00000038   Code   RO         1562    i.HAL_MspInit       stm32f4xx_hal_msp.o
    0x08001620   0x0000001e   Code   RO         4015    i.HAL_NVIC_EnableIRQ  stm32f4xx_hal_cortex.o
    0x0800163e   0x00000002   PAD
    0x08001640   0x00000064   Code   RO         4021    i.HAL_NVIC_SetPriority  stm32f4xx_hal_cortex.o
    0x080016a4   0x00000024   Code   RO         4022    i.HAL_NVIC_SetPriorityGrouping  stm32f4xx_hal_cortex.o
    0x080016c8   0x0000015c   Code   RO         3324    i.HAL_RCC_ClockConfig  stm32f4xx_hal_rcc.o
    0x08001824   0x0000000c   Code   RO         3327    i.HAL_RCC_EnableCSS  stm32f4xx_hal_rcc.o
    0x08001830   0x0000000c   Code   RO         3329    i.HAL_RCC_GetHCLKFreq  stm32f4xx_hal_rcc.o
    0x0800183c   0x00000020   Code   RO         3331    i.HAL_RCC_GetPCLK1Freq  stm32f4xx_hal_rcc.o
    0x0800185c   0x00000020   Code   RO         3332    i.HAL_RCC_GetPCLK2Freq  stm32f4xx_hal_rcc.o
    0x0800187c   0x00000074   Code   RO         3333    i.HAL_RCC_GetSysClockFreq  stm32f4xx_hal_rcc.o
    0x080018f0   0x000003e8   Code   RO         3336    i.HAL_RCC_OscConfig  stm32f4xx_hal_rcc.o
    0x08001cd8   0x00000002   Code   RO         4025    i.HAL_SYSTICK_Callback  stm32f4xx_hal_cortex.o
    0x08001cda   0x00000002   PAD
    0x08001cdc   0x0000002c   Code   RO         4026    i.HAL_SYSTICK_Config  stm32f4xx_hal_cortex.o
    0x08001d08   0x00000008   Code   RO         4027    i.HAL_SYSTICK_IRQHandler  stm32f4xx_hal_cortex.o
    0x08001d10   0x00000052   Code   RO         2774    i.HAL_TIMEx_ConfigBreakDeadTime  stm32f4xx_hal_tim_ex.o
    0x08001d62   0x000000bc   Code   RO         2780    i.HAL_TIMEx_HallSensor_Init  stm32f4xx_hal_tim_ex.o
    0x08001e1e   0x00000002   Code   RO         2782    i.HAL_TIMEx_HallSensor_MspInit  stm32f4xx_hal_tim_ex.o
    0x08001e20   0x00000096   Code   RO         2789    i.HAL_TIMEx_MasterConfigSynchronization  stm32f4xx_hal_tim_ex.o
    0x08001eb6   0x00000036   Code   RO         2133    i.HAL_TIM_Base_Init  stm32f4xx_hal_tim.o
    0x08001eec   0x0000008c   Code   RO         1564    i.HAL_TIM_Base_MspInit  stm32f4xx_hal_msp.o
    0x08001f78   0x00000184   Code   RO         2142    i.HAL_TIM_ConfigClockSource  stm32f4xx_hal_tim.o
    0x080020fc   0x00000084   Code   RO         1565    i.HAL_TIM_MspPostInit  stm32f4xx_hal_msp.o
    0x08002180   0x0000024c   Code   RO         2200    i.HAL_TIM_PWM_ConfigChannel  stm32f4xx_hal_tim.o
    0x080023cc   0x00000036   Code   RO         2203    i.HAL_TIM_PWM_Init  stm32f4xx_hal_tim.o
    0x08002402   0x00000002   Code   RO         2205    i.HAL_TIM_PWM_MspInit  stm32f4xx_hal_tim.o
    0x08002404   0x00000056   Code   RO         2217    i.HAL_TIM_SlaveConfigSynchro  stm32f4xx_hal_tim.o
    0x0800245a   0x00000062   Code   RO         3042    i.HAL_UART_Init     stm32f4xx_hal_uart.o
    0x080024bc   0x00000068   Code   RO         1567    i.HAL_UART_MspInit  stm32f4xx_hal_msp.o
    0x08002524   0x0000006c   Code   RO         1194    i.HardFault_Handler  stm32f4xx_mc_it.o
    0x08002590   0x00000060   Code   RO         5697    i.LL_TIM_OC_SetMode  r3_2_f4xx_pwm_curr_fdbk.o
    0x080025f0   0x00000010   Code   RO          965    i.MCI_Clear_Iqdref  mc_interface.o
    0x08002600   0x00000008   Code   RO          966    i.MCI_EncoderAlign  mc_interface.o
    0x08002608   0x00000078   Code   RO          967    i.MCI_ExecBufferedCommands  mc_interface.o
    0x08002680   0x0000000e   Code   RO          968    i.MCI_ExecSpeedRamp  mc_interface.o
    0x0800268e   0x00000012   Code   RO          969    i.MCI_ExecTorqueRamp  mc_interface.o
    0x080026a0   0x00000006   Code   RO          970    i.MCI_FaultAcknowledged  mc_interface.o
    0x080026a6   0x00000010   Code   RO          971    i.MCI_GetAvrgMecSpeedUnit  mc_interface.o
    0x080026b6   0x00000004   Code   RO          972    i.MCI_GetControlMode  mc_interface.o
    0x080026ba   0x00000006   Code   RO          975    i.MCI_GetIab        mc_interface.o
    0x080026c0   0x00000006   Code   RO          976    i.MCI_GetIalphabeta  mc_interface.o
    0x080026c6   0x00000006   Code   RO          978    i.MCI_GetIqd        mc_interface.o
    0x080026cc   0x00000006   Code   RO          980    i.MCI_GetIqdref     mc_interface.o
    0x080026d2   0x00000010   Code   RO          981    i.MCI_GetLastRampFinalSpeed  mc_interface.o
    0x080026e2   0x00000006   Code   RO          982    i.MCI_GetMecSpeedRefUnit  mc_interface.o
    0x080026e8   0x00000006   Code   RO          986    i.MCI_GetSTMState   mc_interface.o
    0x080026ee   0x00000008   Code   RO          988    i.MCI_GetTeref      mc_interface.o
    0x080026f6   0x00000008   Code   RO          989    i.MCI_GetValphabeta  mc_interface.o
    0x080026fe   0x00000008   Code   RO          990    i.MCI_GetVqd        mc_interface.o
    0x08002706   0x00000014   Code   RO          991    i.MCI_Init          mc_interface.o
    0x0800271a   0x00000014   Code   RO          994    i.MCI_SetCurrentReferences  mc_interface.o
    0x0800272e   0x0000000a   Code   RO          995    i.MCI_SetIdref      mc_interface.o
    0x08002738   0x00000016   Code   RO          996    i.MCI_StartMotor    mc_interface.o
    0x0800274e   0x00000008   Code   RO          997    i.MCI_StopMotor     mc_interface.o
    0x08002756   0x00000006   Code   RO          998    i.MCI_StopRamp      mc_interface.o
    0x0800275c   0x0000004c   Code   RO          902    i.MCM_Clarke        mc_math.o
    0x080027a8   0x00000084   Code   RO          903    i.MCM_Park          mc_math.o
    0x0800282c   0x00000036   Code   RO          904    i.MCM_Rev_Park      mc_math.o
    0x08002862   0x00000002   PAD
    0x08002864   0x00000074   Code   RO          906    i.MCM_Trig_Functions  mc_math.o
    0x080028d8   0x00000044   Code   RO          580    i.MCP_Init          motor_control_protocol.o
    0x0800291c   0x00000008   Code   RO          581    i.MCP_OnTimeOut     motor_control_protocol.o
    0x08002924   0x00000708   Code   RO          582    i.MCP_ReceivedFrame  motor_control_protocol.o
    0x0800302c   0x00000008   Code   RO          587    i.MCP_SentFrame     motor_control_protocol.o
    0x08003034   0x0000001a   Code   RO          588    i.MCP_WaitNextFrame  motor_control_protocol.o
    0x0800304e   0x00000002   PAD
    0x08003050   0x00000020   Code   RO          702    i.MC_RunMotorControlTasks  mc_tasks.o
    0x08003070   0x00000040   Code   RO          703    i.MC_Scheduler      mc_tasks.o
    0x080030b0   0x0000018c   Code   RO          704    i.MCboot            mc_tasks.o
    0x0800323c   0x00000046   Code   RO         4605    i.MPM_CalcElMotorPower  motor_power_measurement.o
    0x08003282   0x0000001a   Code   RO         4606    i.MPM_Clear         motor_power_measurement.o
    0x0800329c   0x00000006   Code   RO         4607    i.MPM_GetAvrgElMotorPowerW  motor_power_measurement.o
    0x080032a2   0x00000002   PAD
    0x080032a4   0x00000038   Code   RO          335    i.MX_MotorControl_Init  motorcontrol.o
    0x080032dc   0x0000003a   Code   RO         4647    i.NTC_CalcAvTemp    ntc_temperature_sensor.o
    0x08003316   0x00000006   Code   RO         4649    i.NTC_Clear         ntc_temperature_sensor.o
    0x0800331c   0x00000028   Code   RO         4650    i.NTC_GetAvTemp_C   ntc_temperature_sensor.o
    0x08003344   0x00000024   Code   RO         4652    i.NTC_Init          ntc_temperature_sensor.o
    0x08003368   0x00000018   Code   RO         4653    i.NTC_SetFaultState  ntc_temperature_sensor.o
    0x08003380   0x00000006   Code   RO         4758    i.PID_GetKD         pid_regulator.o
    0x08003386   0x00000006   Code   RO         4760    i.PID_GetKI         pid_regulator.o
    0x0800338c   0x00000004   Code   RO         4761    i.PID_GetKIDivisor  pid_regulator.o
    0x08003390   0x00000006   Code   RO         4762    i.PID_GetKP         pid_regulator.o
    0x08003396   0x00000004   Code   RO         4763    i.PID_GetKPDivisor  pid_regulator.o
    0x0800339a   0x00000014   Code   RO         4764    i.PID_HandleInit    pid_regulator.o
    0x080033ae   0x00000004   Code   RO         4765    i.PID_SetIntegralTerm  pid_regulator.o
    0x080033b2   0x00000004   Code   RO         4766    i.PID_SetKD         pid_regulator.o
    0x080033b6   0x00000004   Code   RO         4768    i.PID_SetKI         pid_regulator.o
    0x080033ba   0x00000004   Code   RO         4770    i.PID_SetKP         pid_regulator.o
    0x080033be   0x00000002   PAD
    0x080033c0   0x00000080   Code   RO         4777    i.PI_Controller     pid_regulator.o
    0x08003440   0x00000060   Code   RO         4911    i.PQD_CalcElMotorPower  pqd_motor_power_measurement.o
    0x080034a0   0x00000004   Code   RO         4935    i.PWMC_CheckOverCurrent  pwm_curr_fdbk.o
    0x080034a4   0x00000042   Code   RO         4936    i.PWMC_CurrentReadingCalibr  pwm_curr_fdbk.o
    0x080034e6   0x00000004   Code   RO         4937    i.PWMC_GetPhaseCurrents  pwm_curr_fdbk.o
    0x080034ea   0x000001da   Code   RO         4955    i.PWMC_SetPhaseVoltage  pwm_curr_fdbk.o
    0x080036c4   0x00000004   Code   RO         4956    i.PWMC_SwitchOffPWM  pwm_curr_fdbk.o
    0x080036c8   0x00000030   Code   RO         5698    i.R3_2_BRK_IRQHandler  r3_2_f4xx_pwm_curr_fdbk.o
    0x080036f8   0x0000013c   Code   RO         5699    i.R3_2_CurrentReadingCalibration  r3_2_f4xx_pwm_curr_fdbk.o
    0x08003834   0x0000012c   Code   RO         5700    i.R3_2_GetPhaseCurrents  r3_2_f4xx_pwm_curr_fdbk.o
    0x08003960   0x00000056   Code   RO         5701    i.R3_2_HFCurrentsCalibrationAB  r3_2_f4xx_pwm_curr_fdbk.o
    0x080039b6   0x0000003e   Code   RO         5702    i.R3_2_HFCurrentsCalibrationC  r3_2_f4xx_pwm_curr_fdbk.o
    0x080039f4   0x00000108   Code   RO         5703    i.R3_2_Init         r3_2_f4xx_pwm_curr_fdbk.o
    0x08003afc   0x00000016   Code   RO         5704    i.R3_2_IsOverCurrentOccurred  r3_2_f4xx_pwm_curr_fdbk.o
    0x08003b12   0x00000002   PAD
    0x08003b14   0x000000ec   Code   RO         5705    i.R3_2_RLDetectionModeDisable  r3_2_f4xx_pwm_curr_fdbk.o
    0x08003c00   0x000000b8   Code   RO         5706    i.R3_2_RLDetectionModeEnable  r3_2_f4xx_pwm_curr_fdbk.o
    0x08003cb8   0x00000034   Code   RO         5707    i.R3_2_RLDetectionModeSetDuty  r3_2_f4xx_pwm_curr_fdbk.o
    0x08003cec   0x00000048   Code   RO         5708    i.R3_2_RLGetPhaseCurrents  r3_2_f4xx_pwm_curr_fdbk.o
    0x08003d34   0x000000b0   Code   RO         5709    i.R3_2_RLSwitchOnPWM  r3_2_f4xx_pwm_curr_fdbk.o
    0x08003de4   0x00000046   Code   RO         5710    i.R3_2_RLTurnOnLowSides  r3_2_f4xx_pwm_curr_fdbk.o
    0x08003e2a   0x00000044   Code   RO         5711    i.R3_2_SetADCSampPointCalibration  r3_2_f4xx_pwm_curr_fdbk.o
    0x08003e6e   0x00000086   Code   RO         5712    i.R3_2_SetADCSampPointSectX  r3_2_f4xx_pwm_curr_fdbk.o
    0x08003ef4   0x00000052   Code   RO         5713    i.R3_2_SwitchOffPWM  r3_2_f4xx_pwm_curr_fdbk.o
    0x08003f46   0x000000bc   Code   RO         5714    i.R3_2_SwitchOnPWM  r3_2_f4xx_pwm_curr_fdbk.o
    0x08004002   0x000000f2   Code   RO         5715    i.R3_2_TIMx_UP_IRQHandler  r3_2_f4xx_pwm_curr_fdbk.o
    0x080040f4   0x0000004c   Code   RO         5716    i.R3_2_TurnOnLowSides  r3_2_f4xx_pwm_curr_fdbk.o
    0x08004140   0x00000080   Code   RO          836    i.RCM_ExecRegularConv  regular_conversion_manager.o
    0x080041c0   0x00000044   Code   RO          837    i.RCM_ExecUserConv  regular_conversion_manager.o
    0x08004204   0x00000104   Code   RO          840    i.RCM_RegisterRegConv  regular_conversion_manager.o
    0x08004308   0x00000010   Code   RO         5136    i.REMNG_Init        ramp_ext_mngr.o
    0x08004318   0x00000006   Code   RO         5197    i.RUC_GetNumberOfPhases  revup_ctrl.o
    0x0800431e   0x0000000c   Code   RO         5198    i.RUC_GetPhaseDurationms  revup_ctrl.o
    0x0800432a   0x0000000e   Code   RO         5199    i.RUC_GetPhaseFinalMecSpeedUnit  revup_ctrl.o
    0x08004338   0x0000000e   Code   RO         5200    i.RUC_GetPhaseFinalTorque  revup_ctrl.o
    0x08004346   0x0000000c   Code   RO         5204    i.RUC_SetPhaseDurationms  revup_ctrl.o
    0x08004352   0x0000000c   Code   RO         5205    i.RUC_SetPhaseFinalMecSpeedUnit  revup_ctrl.o
    0x0800435e   0x0000000c   Code   RO         5206    i.RUC_SetPhaseFinalTorque  revup_ctrl.o
    0x0800436a   0x00000006   Code   RO         5302    i.SPD_GetAvrgMecSpeedUnit  speed_pos_fdbk.o
    0x08004370   0x00000006   Code   RO         5303    i.SPD_GetElAngle    speed_pos_fdbk.o
    0x08004376   0x00000006   Code   RO         5306    i.SPD_GetInstElSpeedDpp  speed_pos_fdbk.o
    0x0800437c   0x00000014   Code   RO         5308    i.SPD_GetS16Speed   speed_pos_fdbk.o
    0x08004390   0x00000060   Code   RO         5309    i.SPD_IsMecSpeedReliable  speed_pos_fdbk.o
    0x080043f0   0x0000005c   Code   RO         5379    i.STC_CalcTorqueReference  speed_torq_ctrl.o
    0x0800444c   0x00000010   Code   RO         5380    i.STC_Clear         speed_torq_ctrl.o
    0x0800445c   0x00000092   Code   RO         5381    i.STC_ExecRamp      speed_torq_ctrl.o
    0x080044ee   0x00000010   Code   RO         5382    i.STC_ForceSpeedReferenceToCurrentSpeed  speed_torq_ctrl.o
    0x080044fe   0x00000010   Code   RO         5384    i.STC_GetDefaultIqdref  speed_torq_ctrl.o
    0x0800450e   0x00000004   Code   RO         5385    i.STC_GetMaxAppPositiveMecSpeedUnit  speed_torq_ctrl.o
    0x08004512   0x0000000c   Code   RO         5386    i.STC_GetMecSpeedRefUnit  speed_torq_ctrl.o
    0x0800451e   0x00000006   Code   RO         5387    i.STC_GetMecSpeedRefUnitDefault  speed_torq_ctrl.o
    0x08004524   0x00000006   Code   RO         5388    i.STC_GetMinAppNegativeMecSpeedUnit  speed_torq_ctrl.o
    0x0800452a   0x00000004   Code   RO         5389    i.STC_GetSpeedSensor  speed_torq_ctrl.o
    0x0800452e   0x0000000c   Code   RO         5390    i.STC_GetTorqueRef  speed_torq_ctrl.o
    0x0800453a   0x00000020   Code   RO         5391    i.STC_Init          speed_torq_ctrl.o
    0x0800455a   0x00000008   Code   RO         5393    i.STC_SetControlMode  speed_torq_ctrl.o
    0x08004562   0x00000008   Code   RO         5396    i.STC_StopRamp      speed_torq_ctrl.o
    0x0800456a   0x00000016   Code   RO         5511    i.STM_FaultAcknowledged  state_machine.o
    0x08004580   0x00000036   Code   RO         5512    i.STM_FaultProcessing  state_machine.o
    0x080045b6   0x0000000a   Code   RO         5513    i.STM_GetFaultState  state_machine.o
    0x080045c0   0x00000004   Code   RO         5514    i.STM_GetState      state_machine.o
    0x080045c4   0x0000000a   Code   RO         5515    i.STM_Init          state_machine.o
    0x080045ce   0x000000fc   Code   RO         5516    i.STM_NextState     state_machine.o
    0x080046ca   0x00000002   PAD
    0x080046cc   0x00000028   Code   RO         1195    i.SysTick_Handler   stm32f4xx_mc_it.o
    0x080046f4   0x00000088   Code   RO           14    i.SystemClock_Config  main.o
    0x0800477c   0x0000001c   Code   RO         4399    i.SystemInit        system_stm32f4xx.o
    0x08004798   0x00000028   Code   RO         1196    i.TIM1_BRK_TIM9_IRQHandler  stm32f4xx_mc_it.o
    0x080047c0   0x00000018   Code   RO         1197    i.TIM1_UP_TIM10_IRQHandler  stm32f4xx_mc_it.o
    0x080047d8   0x0000003c   Code   RO         1198    i.TIM3_IRQHandler   stm32f4xx_mc_it.o
    0x08004814   0x000000c8   Code   RO         2221    i.TIM_Base_SetConfig  stm32f4xx_hal_tim.o
    0x080048dc   0x00000070   Code   RO         2233    i.TIM_OC2_SetConfig  stm32f4xx_hal_tim.o
    0x0800494c   0x000000de   Code   RO         2234    i.TIM_SlaveTimer_SetConfig  stm32f4xx_hal_tim.o
    0x08004a2a   0x0000008c   Code   RO         2235    i.TIM_TI1_SetConfig  stm32f4xx_hal_tim.o
    0x08004ab6   0x00000002   PAD
    0x08004ab8   0x00000014   Code   RO          705    i.TSK_ChargeBootCapDelayHasElapsedM1  mc_tasks.o
    0x08004acc   0x00000020   Code   RO          706    i.TSK_HardwareFaultTask  mc_tasks.o
    0x08004aec   0x000000cc   Code   RO          707    i.TSK_HighFrequencyTask  mc_tasks.o
    0x08004bb8   0x00000160   Code   RO          708    i.TSK_MediumFrequencyTaskM1  mc_tasks.o
    0x08004d18   0x00000020   Code   RO          709    i.TSK_SafetyTask    mc_tasks.o
    0x08004d38   0x00000084   Code   RO          710    i.TSK_SafetyTask_PWMOFF  mc_tasks.o
    0x08004dbc   0x0000000c   Code   RO          711    i.TSK_SetChargeBootCapDelayM1  mc_tasks.o
    0x08004dc8   0x0000000c   Code   RO          712    i.TSK_SetStopPermanencyTimeM1  mc_tasks.o
    0x08004dd4   0x00000014   Code   RO          713    i.TSK_StopPermanencyTimeHasElapsedM1  mc_tasks.o
    0x08004de8   0x00000194   Code   RO         3065    i.UART_SetConfig    stm32f4xx_hal_uart.o
    0x08004f7c   0x00000008   Code   RO         5976    i.UFCP_AbortReceive  usart_frame_communication_protocol.o
    0x08004f84   0x00000004   Code   RO         5977    i.UFCP_Init         usart_frame_communication_protocol.o
    0x08004f88   0x00000014   Code   RO         5978    i.UFCP_OVR_IRQ_Handler  usart_frame_communication_protocol.o
    0x08004f9c   0x000000c0   Code   RO         5979    i.UFCP_RX_IRQ_Handler  usart_frame_communication_protocol.o
    0x0800505c   0x00000028   Code   RO         5980    i.UFCP_Receive      usart_frame_communication_protocol.o
    0x08005084   0x00000056   Code   RO         5981    i.UFCP_Send         usart_frame_communication_protocol.o
    0x080050da   0x00000064   Code   RO         5983    i.UFCP_TX_IRQ_Handler  usart_frame_communication_protocol.o
    0x0800513e   0x0000000a   Code   RO         1378    i.UI_DACExec        user_interface.o
    0x08005148   0x0000000a   Code   RO         1379    i.UI_DACInit        user_interface.o
    0x08005152   0x00000002   PAD
    0x08005154   0x00000020   Code   RO         1282    i.UI_DACUpdate      ui_task.o
    0x08005174   0x0000006e   Code   RO         1380    i.UI_ExecCmd        user_interface.o
    0x080051e2   0x00000002   PAD
    0x080051e4   0x00000030   Code   RO         1381    i.UI_ExecSpeedRamp  user_interface.o
    0x08005214   0x00000014   Code   RO         1382    i.UI_ExecTorqueRamp  user_interface.o
    0x08005228   0x00000010   Code   RO         1383    i.UI_GetDAC         user_interface.o
    0x08005238   0x00000004   Code   RO         1384    i.UI_GetMPInfo      user_interface.o
    0x0800523c   0x0000036c   Code   RO         1385    i.UI_GetReg         user_interface.o
    0x080055a8   0x0000004a   Code   RO         1386    i.UI_GetRevupData   user_interface.o
    0x080055f2   0x00000006   Code   RO         1387    i.UI_GetSelectedMC  user_interface.o
    0x080055f8   0x00000016   Code   RO         1389    i.UI_Init           user_interface.o
    0x0800560e   0x00000002   PAD
    0x08005610   0x0000002c   Code   RO         1284    i.UI_Scheduler      ui_task.o
    0x0800563c   0x00000012   Code   RO         1390    i.UI_SelectMC       user_interface.o
    0x0800564e   0x00000002   PAD
    0x08005650   0x0000000c   Code   RO         1287    i.UI_SerialCommunicationTimeOutStart  ui_task.o
    0x0800565c   0x0000000c   Code   RO         1288    i.UI_SerialCommunicationTimeOutStop  ui_task.o
    0x08005668   0x0000001a   Code   RO         1391    i.UI_SetCurrentReferences  user_interface.o
    0x08005682   0x0000000a   Code   RO         1392    i.UI_SetDAC         user_interface.o
    0x0800568c   0x0000014c   Code   RO         1393    i.UI_SetReg         user_interface.o
    0x080057d8   0x00000038   Code   RO         1394    i.UI_SetRevupData   user_interface.o
    0x08005810   0x000000b0   Code   RO         1290    i.UI_TaskInit       ui_task.o
    0x080058c0   0x0000006c   Code   RO         1199    i.USART1_IRQHandler  stm32f4xx_mc_it.o
    0x0800592c   0x0000000a   Code   RO         4437    i.VBS_GetAvBusVoltage_V  bus_voltage_sensor.o
    0x08005936   0x0000000c   Code   RO         5566    i.VVBS_Init         virtual_bus_voltage_sensor.o
    0x08005942   0x0000000e   Code   RO         6077    i.__scatterload_copy  mc_w.l(handlers.o)
    0x08005950   0x00000002   Code   RO         6078    i.__scatterload_null  mc_w.l(handlers.o)
    0x08005952   0x0000000e   Code   RO         6079    i.__scatterload_zeroinit  mc_w.l(handlers.o)
    0x08005960   0x00000378   Code   RO           15    i.main              main.o
    0x08005cd8   0x000000e0   Code   RO          714    i.mc_lock_pins      mc_tasks.o
    0x08005db8   0x00000060   Code   RO         5097    i.startTimers       pwm_common.o
    0x08005e18   0x00000066   Code   RO         5098    i.waitForPolarizationEnd  pwm_common.o
    0x08005e7e   0x00000020   Data   RO          336    .constdata          motorcontrol.o
    0x08005e9e   0x00000002   PAD
    0x08005ea0   0x00000002   Data   RO          716    .constdata          mc_tasks.o
    0x08005ea2   0x00000200   Data   RO          908    .constdata          mc_math.o
    0x080060a2   0x00000002   PAD
    0x080060a4   0x00000094   Data   RO         1257    .constdata          mc_parameters.o
    0x08006138   0x00000010   Data   RO         4400    .constdata          system_stm32f4xx.o
    0x08006148   0x00000008   Data   RO         4401    .constdata          system_stm32f4xx.o
    0x08006150   0x0000000e   Data   RO         4543    .constdata          hall_speed_pos_fdbk.o
    0x0800615e   0x0000000e   Data   RO         5719    .constdata          r3_2_f4xx_pwm_curr_fdbk.o
    0x0800616c   0x00000006   Data   RO         5984    .constdata          usart_frame_communication_protocol.o
    0x08006172   0x00000002   PAD
    0x08006174   0x00000020   Data   RO         6075    Region$$Table       anon$$obj.o


    Execution Region RW_IRAM1 (Base: 0x20000000, Size: 0x00000d28, Max: 0x00020000, ABSOLUTE, COMPRESSED[0x00000188])

    Base Addr    Size         Type   Attr      Idx    E Section Name        Object

    0x20000000   0x0000000c   Data   RW          337    .data               motorcontrol.o
    0x2000000c   0x00000008   Data   RW          589    .data               motor_control_protocol.o
    0x20000014   0x00000114   Data   RW          655    .data               mc_config.o
    0x20000128   0x0000002c   Data   RW          657    .data               mc_config.o
    0x20000154   0x0000002c   Data   RW          658    .data               mc_config.o
    0x20000180   0x0000002c   Data   RW          659    .data               mc_config.o
    0x200001ac   0x00000034   Data   RW          660    .data               mc_config.o
    0x200001e0   0x0000007c   Data   RW          661    .data               mc_config.o
    0x2000025c   0x000000c8   Data   RW          662    .data               mc_config.o
    0x20000324   0x00000028   Data   RW          663    .data               mc_config.o
    0x2000034c   0x0000000c   Data   RW          664    .data               mc_config.o
    0x20000358   0x00000030   Data   RW          665    .data               mc_config.o
    0x20000388   0x0000003c   Data   RW          666    .data               mc_config.o
    0x200003c4   0x00000018   Data   RW          667    .data               mc_config.o
    0x200003dc   0x000000b4   Data   RW          668    .data               mc_config.o
    0x20000490   0x0000013c   Data   RW          669    .data               mc_config.o
    0x200005cc   0x0000003a   Data   RW          717    .data               mc_tasks.o
    0x20000606   0x00000004   Data   RW          844    .data               regular_conversion_manager.o
    0x2000060a   0x00000001   Data   RW         1200    .data               stm32f4xx_mc_it.o
    0x2000060b   0x00000001   PAD
    0x2000060c   0x00000010   Data   RW         1292    .data               ui_task.o
    0x2000061c   0x0000000c   Data   RW         4167    .data               stm32f4xx_hal.o
    0x20000628   0x00000004   Data   RW         4402    .data               system_stm32f4xx.o
    0x2000062c   0x00000164   Zero   RW           16    .bss                main.o
    0x20000790   0x00000098   Zero   RW          715    .bss                mc_tasks.o
    0x20000828   0x00000030   Zero   RW          843    .bss                regular_conversion_manager.o
    0x20000858   0x000000cc   Zero   RW         1291    .bss                ui_task.o
    0x20000924   0x00000004   PAD
    0x20000928   0x00000400   Zero   RW            1    STACK               startup_stm32f407xx.o


==============================================================================

Image component sizes


      Code (inc. data)   RO Data    RW Data    ZI Data      Debug   Object Name

        10          0          0          0          0       1040   bus_voltage_sensor.o
        86          0          0          0          0       1296   circle_limitation.o
        34          0          0          0          0       2930   dac_common_ui.o
       144          8          0          0          0      10050   dac_ui.o
         0          0          0          0          0       4036   digital_output.o
       102          0          0          0          0       2497   frame_communication_protocol.o
      1768         28         14          0          0      34020   hall_speed_pos_fdbk.o
      1024         64          0          0        356     756156   main.o
         0          0          0       1464          0       1427   mc_config.o
       364          0          0          0          0      12559   mc_interface.o
       378         18        512          0          0       5581   mc_math.o
         0          0        148          0          0        212   mc_parameters.o
      1694        246          2         58        152      16522   mc_tasks.o
      1910        642          0          8          0       5688   motor_control_protocol.o
       102          0          0          0          0       2402   motor_power_measurement.o
        56          8         32         12          0       1279   motorcontrol.o
       164          0          0          0          0       3686   ntc_temperature_sensor.o
       190          6          0          0          0       7117   pid_regulator.o
        96          6          0          0          0       1211   pqd_motor_power_measurement.o
       198          4          0          0          0      33291   pwm_common.o
       552          0          0          0          0       3995   pwm_curr_fdbk.o
      2774         90         14          0          0      93743   r3_2_f4xx_pwm_curr_fdbk.o
        16          0          0          0          0        969   ramp_ext_mngr.o
       456         30          0          4         48      44652   regular_conversion_manager.o
        82          0          0          0          0       4710   revup_ctrl.o
       134          0          0          0          0       3778   speed_pos_fdbk.o
       378          0          0          0          0       9516   speed_torq_ctrl.o
        36          8        392          0       1024        828   startup_stm32f407xx.o
       352         22          0          0          0       4536   state_machine.o
       144         24          0         12          0       8685   stm32f4xx_hal.o
       804         28          0          0          0       2443   stm32f4xx_hal_adc.o
       520         12          0          0          0       1430   stm32f4xx_hal_adc_ex.o
       220         16          0          0          0      34231   stm32f4xx_hal_cortex.o
       118          0          0          0          0       1795   stm32f4xx_hal_dac.o
       572         22          0          0          0       1528   stm32f4xx_hal_gpio.o
       780         86          0          0          0       4714   stm32f4xx_hal_msp.o
      1552        116          0          0          0       6120   stm32f4xx_hal_rcc.o
      1846         46          0          0          0      10413   stm32f4xx_hal_tim.o
       422          0          0          0          0       3403   stm32f4xx_hal_tim_ex.o
       502         14          0          0          0       2212   stm32f4xx_hal_uart.o
       440         32          0          1          0      16367   stm32f4xx_mc_it.o
        28          8         24          4          0       1107   system_stm32f4xx.o
       276         48          0         16        204       3327   ui_task.o
       450         14          6          0          0      21110   usart_frame_communication_protocol.o
      1638         96          0          0          0      11478   user_interface.o
        12          0          0          0          0       1024   virtual_bus_voltage_sensor.o

    ----------------------------------------------------------------------
     23464       1742       1182       1580       1788    1201114   Object Totals
         0          0         32          0          0          0   (incl. Generated)
        40          0          6          1          4          0   (incl. Padding)

    ----------------------------------------------------------------------

      Code (inc. data)   RO Data    RW Data    ZI Data      Debug   Library Member Name

        86          0          0          0          0          0   __dczerorl2.o
         0          0          0          0          0          0   entry.o
         0          0          0          0          0          0   entry10a.o
         0          0          0          0          0          0   entry11a.o
         8          4          0          0          0          0   entry2.o
         4          0          0          0          0          0   entry5.o
         0          0          0          0          0          0   entry7b.o
         0          0          0          0          0          0   entry8b.o
         8          4          0          0          0          0   entry9a.o
        30          0          0          0          0          0   handlers.o
        36          8          0          0          0         68   init.o
        30          0          0          0          0         68   llshl.o
        32          0          0          0          0         68   llushr.o
        98          0          0          0          0         92   uldiv.o

    ----------------------------------------------------------------------
       334         16          0          0          0        296   Library Totals
         2          0          0          0          0          0   (incl. Padding)

    ----------------------------------------------------------------------

      Code (inc. data)   RO Data    RW Data    ZI Data      Debug   Library Name

       332         16          0          0          0        296   mc_w.l

    ----------------------------------------------------------------------
       334         16          0          0          0        296   Library Totals

    ----------------------------------------------------------------------

==============================================================================


      Code (inc. data)   RO Data    RW Data    ZI Data      Debug   

     23798       1758       1182       1580       1788    1178742   Grand Totals
     23798       1758       1182        392       1788    1178742   ELF Image Totals (compressed)
     23798       1758       1182        392          0          0   ROM Totals

==============================================================================

    Total RO  Size (Code + RO Data)                24980 (  24.39kB)
    Total RW  Size (RW Data + ZI Data)              3368 (   3.29kB)
    Total ROM Size (Code + RO Data + RW Data)      25372 (  24.78kB)

==============================================================================

